Archive member included to satisfy reference by file (symbol)

c:/users/hungv/appdata/roaming/xpacks/@gnu-mcu-eclipse/arm-none-eabi-gcc/8.2.1-1.7.1/.content/bin/../lib/gcc/arm-none-eabi/8.2.1/../../../../arm-none-eabi/lib/thumb/v7e-m+dp/hard\libc_nano.a(lib_a-exit.o)
                              c:/users/hungv/appdata/roaming/xpacks/@gnu-mcu-eclipse/arm-none-eabi-gcc/8.2.1-1.7.1/.content/bin/../lib/gcc/arm-none-eabi/8.2.1/../../../../arm-none-eabi/lib/thumb/v7e-m+dp/hard/crt0.o (exit)
c:/users/hungv/appdata/roaming/xpacks/@gnu-mcu-eclipse/arm-none-eabi-gcc/8.2.1-1.7.1/.content/bin/../lib/gcc/arm-none-eabi/8.2.1/../../../../arm-none-eabi/lib/thumb/v7e-m+dp/hard\libc_nano.a(lib_a-impure.o)
                              c:/users/hungv/appdata/roaming/xpacks/@gnu-mcu-eclipse/arm-none-eabi-gcc/8.2.1-1.7.1/.content/bin/../lib/gcc/arm-none-eabi/8.2.1/../../../../arm-none-eabi/lib/thumb/v7e-m+dp/hard\libc_nano.a(lib_a-exit.o) (_global_impure_ptr)
c:/users/hungv/appdata/roaming/xpacks/@gnu-mcu-eclipse/arm-none-eabi-gcc/8.2.1-1.7.1/.content/bin/../lib/gcc/arm-none-eabi/8.2.1/../../../../arm-none-eabi/lib/thumb/v7e-m+dp/hard\libc_nano.a(lib_a-init.o)
                              c:/users/hungv/appdata/roaming/xpacks/@gnu-mcu-eclipse/arm-none-eabi-gcc/8.2.1-1.7.1/.content/bin/../lib/gcc/arm-none-eabi/8.2.1/../../../../arm-none-eabi/lib/thumb/v7e-m+dp/hard/crt0.o (__libc_init_array)
c:/users/hungv/appdata/roaming/xpacks/@gnu-mcu-eclipse/arm-none-eabi-gcc/8.2.1-1.7.1/.content/bin/../lib/gcc/arm-none-eabi/8.2.1/../../../../arm-none-eabi/lib/thumb/v7e-m+dp/hard\libc_nano.a(lib_a-memset.o)
                              c:/users/hungv/appdata/roaming/xpacks/@gnu-mcu-eclipse/arm-none-eabi-gcc/8.2.1-1.7.1/.content/bin/../lib/gcc/arm-none-eabi/8.2.1/../../../../arm-none-eabi/lib/thumb/v7e-m+dp/hard/crt0.o (memset)
c:/users/hungv/appdata/roaming/xpacks/@gnu-mcu-eclipse/arm-none-eabi-gcc/8.2.1-1.7.1/.content/bin/../lib/gcc/arm-none-eabi/8.2.1/../../../../arm-none-eabi/lib/thumb/v7e-m+dp/hard\libnosys.a(_exit.o)
                              c:/users/hungv/appdata/roaming/xpacks/@gnu-mcu-eclipse/arm-none-eabi-gcc/8.2.1-1.7.1/.content/bin/../lib/gcc/arm-none-eabi/8.2.1/../../../../arm-none-eabi/lib/thumb/v7e-m+dp/hard\libc_nano.a(lib_a-exit.o) (_exit)
c:/users/hungv/appdata/roaming/xpacks/@gnu-mcu-eclipse/arm-none-eabi-gcc/8.2.1-1.7.1/.content/bin/../lib/gcc/arm-none-eabi/8.2.1/thumb/v7e-m+dp/hard\libgcc.a(_aeabi_uldivmod.o)
                              build/stm32f7xx_hal_rcc.o (__aeabi_uldivmod)
c:/users/hungv/appdata/roaming/xpacks/@gnu-mcu-eclipse/arm-none-eabi-gcc/8.2.1-1.7.1/.content/bin/../lib/gcc/arm-none-eabi/8.2.1/thumb/v7e-m+dp/hard\libgcc.a(_udivmoddi4.o)
                              c:/users/hungv/appdata/roaming/xpacks/@gnu-mcu-eclipse/arm-none-eabi-gcc/8.2.1-1.7.1/.content/bin/../lib/gcc/arm-none-eabi/8.2.1/thumb/v7e-m+dp/hard\libgcc.a(_aeabi_uldivmod.o) (__udivmoddi4)
c:/users/hungv/appdata/roaming/xpacks/@gnu-mcu-eclipse/arm-none-eabi-gcc/8.2.1-1.7.1/.content/bin/../lib/gcc/arm-none-eabi/8.2.1/thumb/v7e-m+dp/hard\libgcc.a(_dvmd_tls.o)
                              c:/users/hungv/appdata/roaming/xpacks/@gnu-mcu-eclipse/arm-none-eabi-gcc/8.2.1-1.7.1/.content/bin/../lib/gcc/arm-none-eabi/8.2.1/thumb/v7e-m+dp/hard\libgcc.a(_aeabi_uldivmod.o) (__aeabi_ldiv0)

Allocating common symbols
Common symbol       size              file

hi2c4               0x4c              build/main.o
hspi2               0x64              build/main.o
hi2c1               0x4c              build/main.o
uwTick              0x4               build/stm32f7xx_hal.o
pFlash              0x1c              build/stm32f7xx_hal_flash.o
huart1              0x80              build/main.o
huart2              0x80              build/main.o

Discarded input sections

 .text          0x0000000000000000        0x0 c:/users/hungv/appdata/roaming/xpacks/@gnu-mcu-eclipse/arm-none-eabi-gcc/8.2.1-1.7.1/.content/bin/../lib/gcc/arm-none-eabi/8.2.1/thumb/v7e-m+dp/hard/crti.o
 .data          0x0000000000000000        0x0 c:/users/hungv/appdata/roaming/xpacks/@gnu-mcu-eclipse/arm-none-eabi-gcc/8.2.1-1.7.1/.content/bin/../lib/gcc/arm-none-eabi/8.2.1/thumb/v7e-m+dp/hard/crti.o
 .bss           0x0000000000000000        0x0 c:/users/hungv/appdata/roaming/xpacks/@gnu-mcu-eclipse/arm-none-eabi-gcc/8.2.1-1.7.1/.content/bin/../lib/gcc/arm-none-eabi/8.2.1/thumb/v7e-m+dp/hard/crti.o
 .text          0x0000000000000000        0x0 c:/users/hungv/appdata/roaming/xpacks/@gnu-mcu-eclipse/arm-none-eabi-gcc/8.2.1-1.7.1/.content/bin/../lib/gcc/arm-none-eabi/8.2.1/thumb/v7e-m+dp/hard/crtbegin.o
 .data          0x0000000000000000        0x0 c:/users/hungv/appdata/roaming/xpacks/@gnu-mcu-eclipse/arm-none-eabi-gcc/8.2.1-1.7.1/.content/bin/../lib/gcc/arm-none-eabi/8.2.1/thumb/v7e-m+dp/hard/crtbegin.o
[...]
Memory Configuration

Name             Origin             Length             Attributes
RAM              0x0000000020000000 0x0000000000080000 xrw
FLASH            0x0000000008000000 0x0000000000200000 xr
*default*        0x0000000000000000 0xffffffffffffffff

Linker script and memory map

LOAD c:/users/hungv/appdata/roaming/xpacks/@gnu-mcu-eclipse/arm-none-eabi-gcc/8.2.1-1.7.1/.content/bin/../lib/gcc/arm-none-eabi/8.2.1/thumb/v7e-m+dp/hard/crti.o
LOAD c:/users/hungv/appdata/roaming/xpacks/@gnu-mcu-eclipse/arm-none-eabi-gcc/8.2.1-1.7.1/.content/bin/../lib/gcc/arm-none-eabi/8.2.1/thumb/v7e-m+dp/hard/crtbegin.o
LOAD c:/users/hungv/appdata/roaming/xpacks/@gnu-mcu-eclipse/arm-none-eabi-gcc/8.2.1-1.7.1/.content/bin/../lib/gcc/arm-none-eabi/8.2.1/../../../../arm-none-eabi/lib/thumb/v7e-m+dp/hard/crt0.o
LOAD build/main.o
LOAD build/stm32f7xx_it.o
LOAD build/stm32f7xx_hal_msp.o
LOAD build/stm32f7xx_hal_cortex.o
LOAD build/stm32f7xx_hal_i2c.o
LOAD build/stm32f7xx_hal_i2c_ex.o
LOAD build/stm32f7xx_hal_rcc.o
LOAD build/stm32f7xx_hal_rcc_ex.o
LOAD build/stm32f7xx_hal_flash.o
LOAD build/stm32f7xx_hal_flash_ex.o
LOAD build/stm32f7xx_hal_gpio.o
LOAD build/stm32f7xx_hal_dma.o
LOAD build/stm32f7xx_hal_dma_ex.o
LOAD build/stm32f7xx_hal_pwr.o
LOAD build/stm32f7xx_hal_pwr_ex.o
LOAD build/stm32f7xx_hal.o
LOAD build/stm32f7xx_hal_exti.o
LOAD build/stm32f7xx_hal_spi.o
LOAD build/stm32f7xx_hal_spi_ex.o
LOAD build/stm32f7xx_hal_tim.o
LOAD build/stm32f7xx_hal_tim_ex.o
LOAD build/stm32f7xx_hal_uart.o
LOAD build/stm32f7xx_hal_uart_ex.o
LOAD build/system_stm32f7xx.o
LOAD build/startup_stm32f767xx.o
LOAD c:/users/hungv/appdata/roaming/xpacks/@gnu-mcu-eclipse/arm-none-eabi-gcc/8.2.1-1.7.1/.content/bin/../lib/gcc/arm-none-eabi/8.2.1/../../../../arm-none-eabi/lib/thumb/v7e-m+dp/hard\libc_nano.a
LOAD c:/users/hungv/appdata/roaming/xpacks/@gnu-mcu-eclipse/arm-none-eabi-gcc/8.2.1-1.7.1/.content/bin/../lib/gcc/arm-none-eabi/8.2.1/../../../../arm-none-eabi/lib/thumb/v7e-m+dp/hard\libm.a
LOAD c:/users/hungv/appdata/roaming/xpacks/@gnu-mcu-eclipse/arm-none-eabi-gcc/8.2.1-1.7.1/.content/bin/../lib/gcc/arm-none-eabi/8.2.1/../../../../arm-none-eabi/lib/thumb/v7e-m+dp/hard\libnosys.a
START GROUP
LOAD c:/users/hungv/appdata/roaming/xpacks/@gnu-mcu-eclipse/arm-none-eabi-gcc/8.2.1-1.7.1/.content/bin/../lib/gcc/arm-none-eabi/8.2.1/thumb/v7e-m+dp/hard\libgcc.a
LOAD c:/users/hungv/appdata/roaming/xpacks/@gnu-mcu-eclipse/arm-none-eabi-gcc/8.2.1-1.7.1/.content/bin/../lib/gcc/arm-none-eabi/8.2.1/../../../../arm-none-eabi/lib/thumb/v7e-m+dp/hard\libc_nano.a
END GROUP
START GROUP
LOAD c:/users/hungv/appdata/roaming/xpacks/@gnu-mcu-eclipse/arm-none-eabi-gcc/8.2.1-1.7.1/.content/bin/../lib/gcc/arm-none-eabi/8.2.1/thumb/v7e-m+dp/hard\libgcc.a
LOAD c:/users/hungv/appdata/roaming/xpacks/@gnu-mcu-eclipse/arm-none-eabi-gcc/8.2.1-1.7.1/.content/bin/../lib/gcc/arm-none-eabi/8.2.1/../../../../arm-none-eabi/lib/thumb/v7e-m+dp/hard\libc_nano.a
END GROUP
LOAD c:/users/hungv/appdata/roaming/xpacks/@gnu-mcu-eclipse/arm-none-eabi-gcc/8.2.1-1.7.1/.content/bin/../lib/gcc/arm-none-eabi/8.2.1/thumb/v7e-m+dp/hard/crtend.o
LOAD c:/users/hungv/appdata/roaming/xpacks/@gnu-mcu-eclipse/arm-none-eabi-gcc/8.2.1-1.7.1/.content/bin/../lib/gcc/arm-none-eabi/8.2.1/thumb/v7e-m+dp/hard/crtn.o
                0x0000000020080000                _estack = 0x20080000
                0x0000000000000200                _Min_Heap_Size = 0x200
                0x0000000000000400                _Min_Stack_Size = 0x400

.isr_vector     0x0000000008000000      0x1f8
                0x0000000008000000                . = ALIGN (0x4)
 *(.isr_vector)
 .isr_vector    0x0000000008000000      0x1f8 build/startup_stm32f767xx.o
                0x0000000008000000                g_pfnVectors
                0x00000000080001f8                . = ALIGN (0x4)

.text           0x00000000080001f8     0x2268
                0x00000000080001f8                . = ALIGN (0x4)
 *(.text)
 .text          0x00000000080001f8       0x30 c:/users/hungv/appdata/roaming/xpacks/@gnu-mcu-eclipse/arm-none-eabi-gcc/8.2.1-1.7.1/.content/bin/../lib/gcc/arm-none-eabi/8.2.1/thumb/v7e-m+dp/hard\libgcc.a(_aeabi_uldivmod.o)
                0x00000000080001f8                __aeabi_uldivmod
 .text          0x0000000008000228        0x4 c:/users/hungv/appdata/roaming/xpacks/@gnu-mcu-eclipse/arm-none-eabi-gcc/8.2.1-1.7.1/.content/bin/../lib/gcc/arm-none-eabi/8.2.1/thumb/v7e-m+dp/hard\libgcc.a(_dvmd_tls.o)
                0x0000000008000228                __aeabi_idiv0
                0x0000000008000228                __aeabi_ldiv0
 *(.text*)
 .text.deregister_tm_clones
                0x000000000800022c       0x1c c:/users/hungv/appdata/roaming/xpacks/@gnu-mcu-eclipse/arm-none-eabi-gcc/8.2.1-1.7.1/.content/bin/../lib/gcc/arm-none-eabi/8.2.1/thumb/v7e-m+dp/hard/crtbegin.o
 .text.register_tm_clones
                0x0000000008000248       0x24 c:/users/hungv/appdata/roaming/xpacks/@gnu-mcu-eclipse/arm-none-eabi-gcc/8.2.1-1.7.1/.content/bin/../lib/gcc/arm-none-eabi/8.2.1/thumb/v7e-m+dp/hard/crtbegin.o
 .text.__do_global_dtors_aux
                0x000000000800026c       0x28 c:/users/hungv/appdata/roaming/xpacks/@gnu-mcu-eclipse/arm-none-eabi-gcc/8.2.1-1.7.1/.content/bin/../lib/gcc/arm-none-eabi/8.2.1/thumb/v7e-m+dp/hard/crtbegin.o
 .text.frame_dummy
                0x0000000008000294       0x24 c:/users/hungv/appdata/roaming/xpacks/@gnu-mcu-eclipse/arm-none-eabi-gcc/8.2.1-1.7.1/.content/bin/../lib/gcc/arm-none-eabi/8.2.1/thumb/v7e-m+dp/hard/crtbegin.o
 .text.MX_GPIO_Init
                0x00000000080002b8      0x188 build/main.o
 .text.MX_I2C1_Init
                0x0000000008000440       0x44 build/main.o
 .text.MX_I2C4_Init
                0x0000000008000484       0x44 build/main.o
 .text.MX_SPI2_Init
                0x00000000080004c8       0x44 build/main.o
 .text.MX_USART1_UART_Init
                0x000000000800050c       0x30 build/main.o
 .text.MX_USART2_UART_Init
                0x000000000800053c       0x34 build/main.o
 .text.SystemClock_Config
                0x0000000008000570       0xc0 build/main.o
                0x0000000008000570                SystemClock_Config
 .text.main     0x0000000008000630       0x24 build/main.o
                0x0000000008000630                main
 .text.NMI_Handler
                0x0000000008000654        0x2 build/stm32f7xx_it.o
                0x0000000008000654                NMI_Handler
 .text.HardFault_Handler
                0x0000000008000656        0x2 build/stm32f7xx_it.o
                0x0000000008000656                HardFault_Handler
 .text.MemManage_Handler
                0x0000000008000658        0x2 build/stm32f7xx_it.o
                0x0000000008000658                MemManage_Handler
 .text.BusFault_Handler
                0x000000000800065a        0x2 build/stm32f7xx_it.o
                0x000000000800065a                BusFault_Handler
 .text.UsageFault_Handler
                0x000000000800065c        0x2 build/stm32f7xx_it.o
                0x000000000800065c                UsageFault_Handler
 .text.SVC_Handler
                0x000000000800065e        0x2 build/stm32f7xx_it.o
                0x000000000800065e                SVC_Handler
 .text.DebugMon_Handler
                0x0000000008000660        0x2 build/stm32f7xx_it.o
                0x0000000008000660                DebugMon_Handler
 .text.PendSV_Handler
                0x0000000008000662        0x2 build/stm32f7xx_it.o
                0x0000000008000662                PendSV_Handler
 .text.SysTick_Handler
                0x0000000008000664        0x8 build/stm32f7xx_it.o
                0x0000000008000664                SysTick_Handler
 .text.HAL_MspInit
                0x000000000800066c       0x30 build/stm32f7xx_hal_msp.o
                0x000000000800066c                HAL_MspInit
 .text.HAL_I2C_MspInit
                0x000000000800069c       0xc4 build/stm32f7xx_hal_msp.o
                0x000000000800069c                HAL_I2C_MspInit
 .text.HAL_SPI_MspInit
                0x0000000008000760       0x94 build/stm32f7xx_hal_msp.o
                0x0000000008000760                HAL_SPI_MspInit
 .text.HAL_UART_MspInit
                0x00000000080007f4       0xbc build/stm32f7xx_hal_msp.o
                0x00000000080007f4                HAL_UART_MspInit
 .text.HAL_NVIC_SetPriorityGrouping
                0x00000000080008b0       0x24 build/stm32f7xx_hal_cortex.o
                0x00000000080008b0                HAL_NVIC_SetPriorityGrouping
 .text.HAL_NVIC_SetPriority
                0x00000000080008d4       0x64 build/stm32f7xx_hal_cortex.o
                0x00000000080008d4                HAL_NVIC_SetPriority
 .text.HAL_SYSTICK_Config
                0x0000000008000938       0x2c build/stm32f7xx_hal_cortex.o
                0x0000000008000938                HAL_SYSTICK_Config
 .text.HAL_I2C_Init
                0x0000000008000964       0xbc build/stm32f7xx_hal_i2c.o
                0x0000000008000964                HAL_I2C_Init
 .text.HAL_I2CEx_ConfigAnalogFilter
                0x0000000008000a20       0x62 build/stm32f7xx_hal_i2c_ex.o
                0x0000000008000a20                HAL_I2CEx_ConfigAnalogFilter
 .text.HAL_I2CEx_ConfigDigitalFilter
                0x0000000008000a82       0x5e build/stm32f7xx_hal_i2c_ex.o
                0x0000000008000a82                HAL_I2CEx_ConfigDigitalFilter
 .text.HAL_RCC_OscConfig
                0x0000000008000ae0      0x444 build/stm32f7xx_hal_rcc.o
                0x0000000008000ae0                HAL_RCC_OscConfig
 .text.HAL_RCC_GetSysClockFreq
                0x0000000008000f24       0xc8 build/stm32f7xx_hal_rcc.o
                0x0000000008000f24                HAL_RCC_GetSysClockFreq
 .text.HAL_RCC_ClockConfig
                0x0000000008000fec      0x16c build/stm32f7xx_hal_rcc.o
                0x0000000008000fec                HAL_RCC_ClockConfig
 .text.HAL_RCC_GetHCLKFreq
                0x0000000008001158        0xc build/stm32f7xx_hal_rcc.o
                0x0000000008001158                HAL_RCC_GetHCLKFreq
 .text.HAL_RCC_GetPCLK1Freq
                0x0000000008001164       0x20 build/stm32f7xx_hal_rcc.o
                0x0000000008001164                HAL_RCC_GetPCLK1Freq
 .text.HAL_RCC_GetPCLK2Freq
                0x0000000008001184       0x20 build/stm32f7xx_hal_rcc.o
                0x0000000008001184                HAL_RCC_GetPCLK2Freq
 .text.HAL_RCCEx_PeriphCLKConfig
                0x00000000080011a4      0x604 build/stm32f7xx_hal_rcc_ex.o
                0x00000000080011a4                HAL_RCCEx_PeriphCLKConfig
 .text.HAL_GPIO_Init
                0x00000000080017a8      0x1dc build/stm32f7xx_hal_gpio.o
                0x00000000080017a8                HAL_GPIO_Init
 .text.HAL_GPIO_WritePin
                0x0000000008001984        0xc build/stm32f7xx_hal_gpio.o
                0x0000000008001984                HAL_GPIO_WritePin
 .text.HAL_PWR_EnableBkUpAccess
                0x0000000008001990       0x10 build/stm32f7xx_hal_pwr.o
                0x0000000008001990                HAL_PWR_EnableBkUpAccess
 .text.HAL_InitTick
                0x00000000080019a0       0x4c build/stm32f7xx_hal.o
                0x00000000080019a0                HAL_InitTick
 .text.HAL_Init
                0x00000000080019ec       0x16 build/stm32f7xx_hal.o
                0x00000000080019ec                HAL_Init
 *fill*         0x0000000008001a02        0x2 
 .text.HAL_IncTick
                0x0000000008001a04       0x18 build/stm32f7xx_hal.o
                0x0000000008001a04                HAL_IncTick
 .text.HAL_GetTick
                0x0000000008001a1c        0xc build/stm32f7xx_hal.o
                0x0000000008001a1c                HAL_GetTick
 .text.HAL_SPI_Init
                0x0000000008001a28       0xba build/stm32f7xx_hal_spi.o
                0x0000000008001a28                HAL_SPI_Init
 *fill*         0x0000000008001ae2        0x2 
 .text.UART_SetConfig
                0x0000000008001ae4      0x398 build/stm32f7xx_hal_uart.o
                0x0000000008001ae4                UART_SetConfig
 .text.UART_AdvFeatureConfig
                0x0000000008001e7c       0xca build/stm32f7xx_hal_uart.o
                0x0000000008001e7c                UART_AdvFeatureConfig
 .text.UART_WaitOnFlagUntilTimeout
                0x0000000008001f46       0x9c build/stm32f7xx_hal_uart.o
                0x0000000008001f46                UART_WaitOnFlagUntilTimeout
 .text.UART_CheckIdleState
                0x0000000008001fe2       0x6c build/stm32f7xx_hal_uart.o
                0x0000000008001fe2                UART_CheckIdleState
 .text.HAL_UART_Init
                0x000000000800204e       0x62 build/stm32f7xx_hal_uart.o
                0x000000000800204e                HAL_UART_Init
 .text.SystemInit
                0x00000000080020b0       0x1c build/system_stm32f7xx.o
                0x00000000080020b0                SystemInit
 .text.Reset_Handler
                0x00000000080020cc       0x50 build/startup_stm32f767xx.o
                0x00000000080020cc                Reset_Handler
 .text.Default_Handler
                0x000000000800211c        0x2 build/startup_stm32f767xx.o
                0x000000000800211c                RTC_Alarm_IRQHandler
                0x000000000800211c                EXTI2_IRQHandler
                0x000000000800211c                TIM8_CC_IRQHandler
                0x000000000800211c                UART8_IRQHandler
                0x000000000800211c                SPI4_IRQHandler
                0x000000000800211c                TIM1_CC_IRQHandler
                0x000000000800211c                DMA2_Stream5_IRQHandler
                0x000000000800211c                JPEG_IRQHandler
                0x000000000800211c                DMA1_Stream5_IRQHandler
                0x000000000800211c                CAN3_RX1_IRQHandler
                0x000000000800211c                PVD_IRQHandler
                0x000000000800211c                TAMP_STAMP_IRQHandler
                0x000000000800211c                CAN2_RX1_IRQHandler
                0x000000000800211c                EXTI3_IRQHandler
                0x000000000800211c                TIM8_TRG_COM_TIM14_IRQHandler
                0x000000000800211c                DFSDM1_FLT1_IRQHandler
                0x000000000800211c                TIM1_UP_TIM10_IRQHandler
                0x000000000800211c                TIM8_UP_TIM13_IRQHandler
                0x000000000800211c                I2C3_ER_IRQHandler
                0x000000000800211c                DFSDM1_FLT2_IRQHandler
                0x000000000800211c                EXTI0_IRQHandler
                0x000000000800211c                I2C2_EV_IRQHandler
                0x000000000800211c                DMA1_Stream2_IRQHandler
                0x000000000800211c                CAN1_RX0_IRQHandler
                0x000000000800211c                FPU_IRQHandler
                0x000000000800211c                OTG_HS_WKUP_IRQHandler
                0x000000000800211c                CAN3_SCE_IRQHandler
                0x000000000800211c                LTDC_ER_IRQHandler
                0x000000000800211c                CAN2_SCE_IRQHandler
                0x000000000800211c                DMA2_Stream2_IRQHandler
                0x000000000800211c                SPI1_IRQHandler
                0x000000000800211c                TIM6_DAC_IRQHandler
                0x000000000800211c                TIM1_BRK_TIM9_IRQHandler
                0x000000000800211c                DCMI_IRQHandler
                0x000000000800211c                CAN2_RX0_IRQHandler
                0x000000000800211c                DMA2_Stream3_IRQHandler
                0x000000000800211c                SAI2_IRQHandler
                0x000000000800211c                DFSDM1_FLT3_IRQHandler
                0x000000000800211c                USART6_IRQHandler
                0x000000000800211c                CAN3_RX0_IRQHandler
                0x000000000800211c                USART3_IRQHandler
                0x000000000800211c                CAN1_RX1_IRQHandler
                0x000000000800211c                UART5_IRQHandler
                0x000000000800211c                DMA2_Stream0_IRQHandler
                0x000000000800211c                TIM4_IRQHandler
                0x000000000800211c                QUADSPI_IRQHandler
                0x000000000800211c                I2C1_EV_IRQHandler
                0x000000000800211c                DMA1_Stream6_IRQHandler
                0x000000000800211c                DMA1_Stream1_IRQHandler
                0x000000000800211c                UART4_IRQHandler
                0x000000000800211c                TIM3_IRQHandler
                0x000000000800211c                RCC_IRQHandler
                0x000000000800211c                TIM8_BRK_TIM12_IRQHandler
                0x000000000800211c                Default_Handler
                0x000000000800211c                CEC_IRQHandler
                0x000000000800211c                EXTI15_10_IRQHandler
                0x000000000800211c                ADC_IRQHandler
                0x000000000800211c                DMA1_Stream7_IRQHandler
                0x000000000800211c                SPI5_IRQHandler
                0x000000000800211c                TIM7_IRQHandler
                0x000000000800211c                SDMMC1_IRQHandler
                0x000000000800211c                CAN2_TX_IRQHandler
                0x000000000800211c                TIM5_IRQHandler
                0x000000000800211c                DMA2_Stream7_IRQHandler
                0x000000000800211c                I2C3_EV_IRQHandler
                0x000000000800211c                EXTI9_5_IRQHandler
                0x000000000800211c                RTC_WKUP_IRQHandler
                0x000000000800211c                LTDC_IRQHandler
                0x000000000800211c                ETH_WKUP_IRQHandler
                0x000000000800211c                SPDIF_RX_IRQHandler
                0x000000000800211c                SPI2_IRQHandler
                0x000000000800211c                OTG_HS_EP1_IN_IRQHandler
                0x000000000800211c                DMA1_Stream0_IRQHandler
                0x000000000800211c                CAN1_TX_IRQHandler
                0x000000000800211c                EXTI4_IRQHandler
                0x000000000800211c                RNG_IRQHandler
                0x000000000800211c                ETH_IRQHandler
                0x000000000800211c                OTG_HS_EP1_OUT_IRQHandler
                0x000000000800211c                WWDG_IRQHandler
                0x000000000800211c                SPI6_IRQHandler
                0x000000000800211c                MDIOS_IRQHandler
                0x000000000800211c                I2C4_EV_IRQHandler
                0x000000000800211c                CAN3_TX_IRQHandler
                0x000000000800211c                TIM2_IRQHandler
                0x000000000800211c                OTG_FS_WKUP_IRQHandler
                0x000000000800211c                TIM1_TRG_COM_TIM11_IRQHandler
                0x000000000800211c                OTG_HS_IRQHandler
                0x000000000800211c                DMA2D_IRQHandler
                0x000000000800211c                EXTI1_IRQHandler
                0x000000000800211c                SDMMC2_IRQHandler
                0x000000000800211c                UART7_IRQHandler
                0x000000000800211c                USART2_IRQHandler
                0x000000000800211c                DFSDM1_FLT0_IRQHandler
                0x000000000800211c                I2C2_ER_IRQHandler
                0x000000000800211c                DMA2_Stream1_IRQHandler
                0x000000000800211c                CAN1_SCE_IRQHandler
                0x000000000800211c                FLASH_IRQHandler
                0x000000000800211c                DMA2_Stream4_IRQHandler
                0x000000000800211c                USART1_IRQHandler
                0x000000000800211c                OTG_FS_IRQHandler
                0x000000000800211c                SPI3_IRQHandler
                0x000000000800211c                DMA1_Stream4_IRQHandler
                0x000000000800211c                I2C1_ER_IRQHandler
                0x000000000800211c                FMC_IRQHandler
                0x000000000800211c                LPTIM1_IRQHandler
                0x000000000800211c                I2C4_ER_IRQHandler
                0x000000000800211c                DMA2_Stream6_IRQHandler
                0x000000000800211c                SAI1_IRQHandler
                0x000000000800211c                DMA1_Stream3_IRQHandler
 *fill*         0x000000000800211e        0x2 
 .text.__libc_init_array
                0x0000000008002120       0x48 c:/users/hungv/appdata/roaming/xpacks/@gnu-mcu-eclipse/arm-none-eabi-gcc/8.2.1-1.7.1/.content/bin/../lib/gcc/arm-none-eabi/8.2.1/../../../../arm-none-eabi/lib/thumb/v7e-m+dp/hard\libc_nano.a(lib_a-init.o)
                0x0000000008002120                __libc_init_array
 .text.memset   0x0000000008002168       0x10 c:/users/hungv/appdata/roaming/xpacks/@gnu-mcu-eclipse/arm-none-eabi-gcc/8.2.1-1.7.1/.content/bin/../lib/gcc/arm-none-eabi/8.2.1/../../../../arm-none-eabi/lib/thumb/v7e-m+dp/hard\libc_nano.a(lib_a-memset.o)
                0x0000000008002168                memset
 .text.__udivmoddi4
                0x0000000008002178      0x2d0 c:/users/hungv/appdata/roaming/xpacks/@gnu-mcu-eclipse/arm-none-eabi-gcc/8.2.1-1.7.1/.content/bin/../lib/gcc/arm-none-eabi/8.2.1/thumb/v7e-m+dp/hard\libgcc.a(_udivmoddi4.o)
                0x0000000008002178                __udivmoddi4
 *(.glue_7)
 .glue_7        0x0000000008002448        0x0 linker stubs
 *(.glue_7t)
 .glue_7t       0x0000000008002448        0x0 linker stubs
 *(.eh_frame)
 .eh_frame      0x0000000008002448        0x0 c:/users/hungv/appdata/roaming/xpacks/@gnu-mcu-eclipse/arm-none-eabi-gcc/8.2.1-1.7.1/.content/bin/../lib/gcc/arm-none-eabi/8.2.1/thumb/v7e-m+dp/hard/crtbegin.o
 *(.init)
 .init          0x0000000008002448        0x4 c:/users/hungv/appdata/roaming/xpacks/@gnu-mcu-eclipse/arm-none-eabi-gcc/8.2.1-1.7.1/.content/bin/../lib/gcc/arm-none-eabi/8.2.1/thumb/v7e-m+dp/hard/crti.o
                0x0000000008002448                _init
 .init          0x000000000800244c        0x8 c:/users/hungv/appdata/roaming/xpacks/@gnu-mcu-eclipse/arm-none-eabi-gcc/8.2.1-1.7.1/.content/bin/../lib/gcc/arm-none-eabi/8.2.1/thumb/v7e-m+dp/hard/crtn.o
 *(.fini)
 .fini          0x0000000008002454        0x4 c:/users/hungv/appdata/roaming/xpacks/@gnu-mcu-eclipse/arm-none-eabi-gcc/8.2.1-1.7.1/.content/bin/../lib/gcc/arm-none-eabi/8.2.1/thumb/v7e-m+dp/hard/crti.o
                0x0000000008002454                _fini
 .fini          0x0000000008002458        0x8 c:/users/hungv/appdata/roaming/xpacks/@gnu-mcu-eclipse/arm-none-eabi-gcc/8.2.1-1.7.1/.content/bin/../lib/gcc/arm-none-eabi/8.2.1/thumb/v7e-m+dp/hard/crtn.o
                0x0000000008002460                . = ALIGN (0x4)
                0x0000000008002460                _etext = .

.vfp11_veneer   0x0000000008002460        0x0
 .vfp11_veneer  0x0000000008002460        0x0 linker stubs

.v4_bx          0x0000000008002460        0x0
 .v4_bx         0x0000000008002460        0x0 linker stubs

.iplt           0x0000000008002460        0x0
 .iplt          0x0000000008002460        0x0 c:/users/hungv/appdata/roaming/xpacks/@gnu-mcu-eclipse/arm-none-eabi-gcc/8.2.1-1.7.1/.content/bin/../lib/gcc/arm-none-eabi/8.2.1/thumb/v7e-m+dp/hard/crtbegin.o

.rodata         0x0000000008002460       0x18
                0x0000000008002460                . = ALIGN (0x4)
 *(.rodata)
 *(.rodata*)
 .rodata.AHBPrescTable
                0x0000000008002460       0x10 build/system_stm32f7xx.o
                0x0000000008002460                AHBPrescTable
 .rodata.APBPrescTable
                0x0000000008002470        0x8 build/system_stm32f7xx.o
                0x0000000008002470                APBPrescTable
                0x0000000008002478                . = ALIGN (0x4)

.ARM.extab
 *(.ARM.extab* .gnu.linkonce.armextab.*)

.ARM            0x0000000008002478        0x8
                0x0000000008002478                __exidx_start = .
 *(.ARM.exidx*)
 .ARM.exidx.text.__udivmoddi4
                0x0000000008002478        0x8 c:/users/hungv/appdata/roaming/xpacks/@gnu-mcu-eclipse/arm-none-eabi-gcc/8.2.1-1.7.1/.content/bin/../lib/gcc/arm-none-eabi/8.2.1/thumb/v7e-m+dp/hard\libgcc.a(_udivmoddi4.o)
                0x0000000008002480                __exidx_end = .

.rel.dyn        0x0000000008002480        0x0
 .rel.iplt      0x0000000008002480        0x0 c:/users/hungv/appdata/roaming/xpacks/@gnu-mcu-eclipse/arm-none-eabi-gcc/8.2.1-1.7.1/.content/bin/../lib/gcc/arm-none-eabi/8.2.1/thumb/v7e-m+dp/hard/crtbegin.o

.preinit_array  0x0000000008002480        0x0
                0x0000000008002480                PROVIDE (__preinit_array_start = .)
 *(.preinit_array*)
                0x0000000008002480                PROVIDE (__preinit_array_end = .)

.init_array     0x0000000008002480        0x4
                0x0000000008002480                PROVIDE (__init_array_start = .)
 *(SORT_BY_NAME(.init_array.*))
 *(.init_array*)
 .init_array    0x0000000008002480        0x4 c:/users/hungv/appdata/roaming/xpacks/@gnu-mcu-eclipse/arm-none-eabi-gcc/8.2.1-1.7.1/.content/bin/../lib/gcc/arm-none-eabi/8.2.1/thumb/v7e-m+dp/hard/crtbegin.o
                0x0000000008002484                PROVIDE (__init_array_end = .)

.fini_array     0x0000000008002484        0x4
                [!provide]                        PROVIDE (__fini_array_start = .)
 *(SORT_BY_NAME(.fini_array.*))
 *(.fini_array*)
 .fini_array    0x0000000008002484        0x4 c:/users/hungv/appdata/roaming/xpacks/@gnu-mcu-eclipse/arm-none-eabi-gcc/8.2.1-1.7.1/.content/bin/../lib/gcc/arm-none-eabi/8.2.1/thumb/v7e-m+dp/hard/crtbegin.o
                [!provide]                        PROVIDE (__fini_array_end = .)
                0x0000000008002488                _sidata = LOADADDR (.data)

.data           0x0000000020000000        0xc load address 0x0000000008002488
                0x0000000020000000                . = ALIGN (0x4)
                0x0000000020000000                _sdata = .
 *(.data)
 *(.data*)
 .data.uwTickFreq
                0x0000000020000000        0x1 build/stm32f7xx_hal.o
                0x0000000020000000                uwTickFreq
 *fill*         0x0000000020000001        0x3 
 .data.uwTickPrio
                0x0000000020000004        0x4 build/stm32f7xx_hal.o
                0x0000000020000004                uwTickPrio
 .data.SystemCoreClock
                0x0000000020000008        0x4 build/system_stm32f7xx.o
                0x0000000020000008                SystemCoreClock
                0x000000002000000c                . = ALIGN (0x4)
                0x000000002000000c                _edata = .

.tm_clone_table
                0x000000002000000c        0x0 load address 0x0000000008002494
 .tm_clone_table
                0x000000002000000c        0x0 c:/users/hungv/appdata/roaming/xpacks/@gnu-mcu-eclipse/arm-none-eabi-gcc/8.2.1-1.7.1/.content/bin/../lib/gcc/arm-none-eabi/8.2.1/thumb/v7e-m+dp/hard/crtbegin.o
 .tm_clone_table
                0x000000002000000c        0x0 c:/users/hungv/appdata/roaming/xpacks/@gnu-mcu-eclipse/arm-none-eabi-gcc/8.2.1-1.7.1/.content/bin/../lib/gcc/arm-none-eabi/8.2.1/thumb/v7e-m+dp/hard/crtend.o

.igot.plt       0x000000002000000c        0x0 load address 0x0000000008002494
 .igot.plt      0x000000002000000c        0x0 c:/users/hungv/appdata/roaming/xpacks/@gnu-mcu-eclipse/arm-none-eabi-gcc/8.2.1-1.7.1/.content/bin/../lib/gcc/arm-none-eabi/8.2.1/thumb/v7e-m+dp/hard/crtbegin.o
                0x000000002000000c                . = ALIGN (0x4)

.bss            0x000000002000000c      0x21c load address 0x0000000008002494
                0x000000002000000c                _sbss = .
                0x000000002000000c                __bss_start__ = _sbss
 *(.bss)
 *(.bss*)
 .bss.completed.8014
                0x000000002000000c        0x1 c:/users/hungv/appdata/roaming/xpacks/@gnu-mcu-eclipse/arm-none-eabi-gcc/8.2.1-1.7.1/.content/bin/../lib/gcc/arm-none-eabi/8.2.1/thumb/v7e-m+dp/hard/crtbegin.o
 *fill*         0x000000002000000d        0x3 
 .bss.object.8019
                0x0000000020000010       0x18 c:/users/hungv/appdata/roaming/xpacks/@gnu-mcu-eclipse/arm-none-eabi-gcc/8.2.1-1.7.1/.content/bin/../lib/gcc/arm-none-eabi/8.2.1/thumb/v7e-m+dp/hard/crtbegin.o
 *(COMMON)
 COMMON         0x0000000020000028      0x1fc build/main.o
                0x0000000020000028                hi2c4
                0x0000000020000074                hspi2
                0x00000000200000d8                hi2c1
                0x0000000020000124                huart1
                0x00000000200001a4                huart2
 COMMON         0x0000000020000224        0x4 build/stm32f7xx_hal.o
                0x0000000020000224                uwTick
                0x0000000020000228                . = ALIGN (0x4)
                0x0000000020000228                _ebss = .
                0x0000000020000228                __bss_end__ = _ebss

._user_heap_stack
                0x0000000020000228      0x600 load address 0x0000000008002494
                0x0000000020000228                . = ALIGN (0x8)
                [!provide]                        PROVIDE (end = .)
                [!provide]                        PROVIDE (_end = .)
                0x0000000020000428                . = (. + _Min_Heap_Size)
 *fill*         0x0000000020000228      0x200 
                0x0000000020000828                . = (. + _Min_Stack_Size)
 *fill*         0x0000000020000428      0x400 
                0x0000000020000828                . = ALIGN (0x8)

/DISCARD/
 libc.a(*)
 libm.a(*)
 libgcc.a(*)

.ARM.attributes
                0x0000000000000000       0x2e
 *(.ARM.attributes)
 .ARM.attributes
                0x0000000000000000       0x1e c:/users/hungv/appdata/roaming/xpacks/@gnu-mcu-eclipse/arm-none-eabi-gcc/8.2.1-1.7.1/.content/bin/../lib/gcc/arm-none-eabi/8.2.1/thumb/v7e-m+dp/hard/crti.o
 .ARM.attributes
                0x000000000000001e       0x32 c:/users/hungv/appdata/roaming/xpacks/@gnu-mcu-eclipse/arm-none-eabi-gcc/8.2.1-1.7.1/.content/bin/../lib/gcc/arm-none-eabi/8.2.1/thumb/v7e-m+dp/hard/crtbegin.o
 .ARM.attributes
                0x0000000000000050       0x32 build/main.o
 .ARM.attributes
                0x0000000000000082       0x32 build/stm32f7xx_it.o
 .ARM.attributes
                0x00000000000000b4       0x32 build/stm32f7xx_hal_msp.o
 .ARM.attributes
                0x00000000000000e6       0x32 build/stm32f7xx_hal_cortex.o
 .ARM.attributes
                0x0000000000000118       0x32 build/stm32f7xx_hal_i2c.o
 .ARM.attributes
                0x000000000000014a       0x32 build/stm32f7xx_hal_i2c_ex.o
 .ARM.attributes
                0x000000000000017c       0x32 build/stm32f7xx_hal_rcc.o
 .ARM.attributes
                0x00000000000001ae       0x32 build/stm32f7xx_hal_rcc_ex.o
 .ARM.attributes
                0x00000000000001e0       0x32 build/stm32f7xx_hal_gpio.o
 .ARM.attributes
                0x0000000000000212       0x32 build/stm32f7xx_hal_pwr.o
 .ARM.attributes
                0x0000000000000244       0x32 build/stm32f7xx_hal.o
 .ARM.attributes
                0x0000000000000276       0x32 build/stm32f7xx_hal_spi.o
 .ARM.attributes
                0x00000000000002a8       0x32 build/stm32f7xx_hal_uart.o
 .ARM.attributes
                0x00000000000002da       0x32 build/system_stm32f7xx.o
 .ARM.attributes
                0x000000000000030c       0x21 build/startup_stm32f767xx.o
 .ARM.attributes
                0x000000000000032d       0x32 c:/users/hungv/appdata/roaming/xpacks/@gnu-mcu-eclipse/arm-none-eabi-gcc/8.2.1-1.7.1/.content/bin/../lib/gcc/arm-none-eabi/8.2.1/../../../../arm-none-eabi/lib/thumb/v7e-m+dp/hard\libc_nano.a(lib_a-init.o)
 .ARM.attributes
                0x000000000000035f       0x32 c:/users/hungv/appdata/roaming/xpacks/@gnu-mcu-eclipse/arm-none-eabi-gcc/8.2.1-1.7.1/.content/bin/../lib/gcc/arm-none-eabi/8.2.1/../../../../arm-none-eabi/lib/thumb/v7e-m+dp/hard\libc_nano.a(lib_a-memset.o)
 .ARM.attributes
                0x0000000000000391       0x1e c:/users/hungv/appdata/roaming/xpacks/@gnu-mcu-eclipse/arm-none-eabi-gcc/8.2.1-1.7.1/.content/bin/../lib/gcc/arm-none-eabi/8.2.1/thumb/v7e-m+dp/hard\libgcc.a(_aeabi_uldivmod.o)
 .ARM.attributes
                0x00000000000003af       0x32 c:/users/hungv/appdata/roaming/xpacks/@gnu-mcu-eclipse/arm-none-eabi-gcc/8.2.1-1.7.1/.content/bin/../lib/gcc/arm-none-eabi/8.2.1/thumb/v7e-m+dp/hard\libgcc.a(_udivmoddi4.o)
 .ARM.attributes
                0x00000000000003e1       0x1e c:/users/hungv/appdata/roaming/xpacks/@gnu-mcu-eclipse/arm-none-eabi-gcc/8.2.1-1.7.1/.content/bin/../lib/gcc/arm-none-eabi/8.2.1/thumb/v7e-m+dp/hard\libgcc.a(_dvmd_tls.o)
 .ARM.attributes
                0x00000000000003ff       0x30 c:/users/hungv/appdata/roaming/xpacks/@gnu-mcu-eclipse/arm-none-eabi-gcc/8.2.1-1.7.1/.content/bin/../lib/gcc/arm-none-eabi/8.2.1/thumb/v7e-m+dp/hard/crtend.o
 .ARM.attributes
                0x000000000000042f       0x1e c:/users/hungv/appdata/roaming/xpacks/@gnu-mcu-eclipse/arm-none-eabi-gcc/8.2.1-1.7.1/.content/bin/../lib/gcc/arm-none-eabi/8.2.1/thumb/v7e-m+dp/hard/crtn.o
OUTPUT(build/LoraLCD.elf elf32-littlearm)

.debug_info     0x0000000000000000    0x11df4
 .debug_info    0x0000000000000000     0x1bf9 build/main.o
 .debug_info    0x0000000000001bf9      0x271 build/stm32f7xx_it.o
 .debug_info    0x0000000000001e6a     0x15be build/stm32f7xx_hal_msp.o
 .debug_info    0x0000000000003428     0x150e build/stm32f7xx_hal_cortex.o
 .debug_info    0x0000000000004936     0x418d build/stm32f7xx_hal_i2c.o
 .debug_info    0x0000000000008ac3      0xbae build/stm32f7xx_hal_i2c_ex.o
 .debug_info    0x0000000000009671      0xd7f build/stm32f7xx_hal_rcc.o
 .debug_info    0x000000000000a3f0      0xa69 build/stm32f7xx_hal_rcc_ex.o
 .debug_info    0x000000000000ae59      0x958 build/stm32f7xx_hal_gpio.o
 .debug_info    0x000000000000b7b1      0xb95 build/stm32f7xx_hal_pwr.o
 .debug_info    0x000000000000c346      0xc7b build/stm32f7xx_hal.o
 .debug_info    0x000000000000cfc1     0x2376 build/stm32f7xx_hal_spi.o
 .debug_info    0x000000000000f337     0x2210 build/stm32f7xx_hal_uart.o
 .debug_info    0x0000000000011547      0x88b build/system_stm32f7xx.o
 .debug_info    0x0000000000011dd2       0x22 build/startup_stm32f767xx.o

.debug_abbrev   0x0000000000000000     0x205e
 .debug_abbrev  0x0000000000000000      0x28a build/main.o
 .debug_abbrev  0x000000000000028a       0xf2 build/stm32f7xx_it.o
 .debug_abbrev  0x000000000000037c      0x218 build/stm32f7xx_hal_msp.o
 .debug_abbrev  0x0000000000000594      0x3b3 build/stm32f7xx_hal_cortex.o
 .debug_abbrev  0x0000000000000947      0x2fc build/stm32f7xx_hal_i2c.o
 .debug_abbrev  0x0000000000000c43      0x1e2 build/stm32f7xx_hal_i2c_ex.o
 .debug_abbrev  0x0000000000000e25      0x2fe build/stm32f7xx_hal_rcc.o
 .debug_abbrev  0x0000000000001123      0x203 build/stm32f7xx_hal_rcc_ex.o
 .debug_abbrev  0x0000000000001326      0x258 build/stm32f7xx_hal_gpio.o
 .debug_abbrev  0x000000000000157e      0x1f5 build/stm32f7xx_hal_pwr.o
 .debug_abbrev  0x0000000000001773      0x21c build/stm32f7xx_hal.o
 .debug_abbrev  0x000000000000198f      0x2b8 build/stm32f7xx_hal_spi.o
 .debug_abbrev  0x0000000000001c47      0x2ac build/stm32f7xx_hal_uart.o
 .debug_abbrev  0x0000000000001ef3      0x159 build/system_stm32f7xx.o
 .debug_abbrev  0x000000000000204c       0x12 build/startup_stm32f767xx.o

.debug_loc      0x0000000000000000     0xca6e
 .debug_loc     0x0000000000000000      0x132 build/main.o
 .debug_loc     0x0000000000000132       0x20 build/stm32f7xx_it.o
 .debug_loc     0x0000000000000152      0x358 build/stm32f7xx_hal_msp.o
 .debug_loc     0x00000000000004aa      0x780 build/stm32f7xx_hal_cortex.o
 .debug_loc     0x0000000000000c2a     0x59b9 build/stm32f7xx_hal_i2c.o
 .debug_loc     0x00000000000065e3      0x1cd build/stm32f7xx_hal_i2c_ex.o
 .debug_loc     0x00000000000067b0      0x7cb build/stm32f7xx_hal_rcc.o
 .debug_loc     0x0000000000006f7b      0x8cd build/stm32f7xx_hal_rcc_ex.o
 .debug_loc     0x0000000000007848      0x5f1 build/stm32f7xx_hal_gpio.o
 .debug_loc     0x0000000000007e39       0xc6 build/stm32f7xx_hal_pwr.o
 .debug_loc     0x0000000000007eff      0x1e1 build/stm32f7xx_hal.o
 .debug_loc     0x00000000000080e0     0x26e3 build/stm32f7xx_hal_spi.o
 .debug_loc     0x000000000000a7c3     0x213f build/stm32f7xx_hal_uart.o
 .debug_loc     0x000000000000c902      0x16c build/system_stm32f7xx.o

.debug_aranges  0x0000000000000000      0xb98
 .debug_aranges
                0x0000000000000000       0x60 build/main.o
 .debug_aranges
                0x0000000000000060       0x60 build/stm32f7xx_it.o
 .debug_aranges
                0x00000000000000c0       0x50 build/stm32f7xx_hal_msp.o
 .debug_aranges
                0x0000000000000110       0xa8 build/stm32f7xx_hal_cortex.o
 .debug_aranges
                0x00000000000001b8      0x288 build/stm32f7xx_hal_i2c.o
 .debug_aranges
                0x0000000000000440       0x38 build/stm32f7xx_hal_i2c_ex.o
 .debug_aranges
                0x0000000000000478       0x88 build/stm32f7xx_hal_rcc.o
 .debug_aranges
                0x0000000000000500       0x50 build/stm32f7xx_hal_rcc_ex.o
 .debug_aranges
                0x0000000000000550       0x58 build/stm32f7xx_hal_gpio.o
 .debug_aranges
                0x00000000000005a8       0xa0 build/stm32f7xx_hal_pwr.o
 .debug_aranges
                0x0000000000000648      0x110 build/stm32f7xx_hal.o
 .debug_aranges
                0x0000000000000758      0x1d8 build/stm32f7xx_hal_spi.o
 .debug_aranges
                0x0000000000000930      0x218 build/stm32f7xx_hal_uart.o
 .debug_aranges
                0x0000000000000b48       0x28 build/system_stm32f7xx.o
 .debug_aranges
                0x0000000000000b70       0x28 build/startup_stm32f767xx.o

.debug_ranges   0x0000000000000000      0xaf8
 .debug_ranges  0x0000000000000000       0x50 build/main.o
 .debug_ranges  0x0000000000000050       0x50 build/stm32f7xx_it.o
 .debug_ranges  0x00000000000000a0       0x40 build/stm32f7xx_hal_msp.o
 .debug_ranges  0x00000000000000e0       0xe0 build/stm32f7xx_hal_cortex.o
 .debug_ranges  0x00000000000001c0      0x278 build/stm32f7xx_hal_i2c.o
 .debug_ranges  0x0000000000000438       0x28 build/stm32f7xx_hal_i2c_ex.o
 .debug_ranges  0x0000000000000460       0x78 build/stm32f7xx_hal_rcc.o
 .debug_ranges  0x00000000000004d8       0x40 build/stm32f7xx_hal_rcc_ex.o
 .debug_ranges  0x0000000000000518       0x48 build/stm32f7xx_hal_gpio.o
 .debug_ranges  0x0000000000000560       0x90 build/stm32f7xx_hal_pwr.o
 .debug_ranges  0x00000000000005f0      0x100 build/stm32f7xx_hal.o
 .debug_ranges  0x00000000000006f0      0x1c8 build/stm32f7xx_hal_spi.o
 .debug_ranges  0x00000000000008b8      0x208 build/stm32f7xx_hal_uart.o
 .debug_ranges  0x0000000000000ac0       0x18 build/system_stm32f7xx.o
 .debug_ranges  0x0000000000000ad8       0x20 build/startup_stm32f767xx.o

.debug_line     0x0000000000000000     0xda6a
 .debug_line    0x0000000000000000      0x7cf build/main.o
 .debug_line    0x00000000000007cf      0x2bd build/stm32f7xx_it.o
 .debug_line    0x0000000000000a8c      0x535 build/stm32f7xx_hal_msp.o
 .debug_line    0x0000000000000fc1      0x7ec build/stm32f7xx_hal_cortex.o
 .debug_line    0x00000000000017ad     0x46c3 build/stm32f7xx_hal_i2c.o
 .debug_line    0x0000000000005e70      0x436 build/stm32f7xx_hal_i2c_ex.o
 .debug_line    0x00000000000062a6      0xcf8 build/stm32f7xx_hal_rcc.o
 .debug_line    0x0000000000006f9e      0xc4f build/stm32f7xx_hal_rcc_ex.o
 .debug_line    0x0000000000007bed      0x75b build/stm32f7xx_hal_gpio.o
 .debug_line    0x0000000000008348      0x4da build/stm32f7xx_hal_pwr.o
 .debug_line    0x0000000000008822      0x60e build/stm32f7xx_hal.o
 .debug_line    0x0000000000008e30     0x277a build/stm32f7xx_hal_spi.o
 .debug_line    0x000000000000b5aa     0x2170 build/stm32f7xx_hal_uart.o
 .debug_line    0x000000000000d71a      0x2dd build/system_stm32f7xx.o
 .debug_line    0x000000000000d9f7       0x73 build/startup_stm32f767xx.o

.debug_str      0x0000000000000000     0x3d20
 .debug_str     0x0000000000000000     0x112b build/main.o
                                       0x1250 (size before relaxing)
 .debug_str     0x000000000000112b       0xaf build/stm32f7xx_it.o
                                        0x31b (size before relaxing)
 .debug_str     0x00000000000011da       0xac build/stm32f7xx_hal_msp.o
                                        0xd48 (size before relaxing)
 .debug_str     0x0000000000001286      0xc0a build/stm32f7xx_hal_cortex.o
                                        0xf04 (size before relaxing)
 .debug_str     0x0000000000001e90      0x8a3 build/stm32f7xx_hal_i2c.o
                                       0x10a7 (size before relaxing)
 .debug_str     0x0000000000002733       0xb2 build/stm32f7xx_hal_i2c_ex.o
                                        0x9cc (size before relaxing)
 .debug_str     0x00000000000027e5      0x1d4 build/stm32f7xx_hal_rcc.o
                                        0x7ba (size before relaxing)
 .debug_str     0x00000000000029b9      0x14c build/stm32f7xx_hal_rcc_ex.o
                                        0x804 (size before relaxing)
 .debug_str     0x0000000000002b05       0xf4 build/stm32f7xx_hal_gpio.o
                                        0x5c8 (size before relaxing)
 .debug_str     0x0000000000002bf9      0x1fc build/stm32f7xx_hal_pwr.o
                                        0x708 (size before relaxing)
 .debug_str     0x0000000000002df5      0x29d build/stm32f7xx_hal.o
                                        0xd7d (size before relaxing)
 .debug_str     0x0000000000003092      0x541 build/stm32f7xx_hal_spi.o
                                        0xcec (size before relaxing)
 .debug_str     0x00000000000035d3      0x6e6 build/stm32f7xx_hal_uart.o
                                       0x101e (size before relaxing)
 .debug_str     0x0000000000003cb9       0x42 build/system_stm32f7xx.o
                                        0x4f5 (size before relaxing)
 .debug_str     0x0000000000003cfb       0x25 build/startup_stm32f767xx.o
                                         0x4c (size before relaxing)

.comment        0x0000000000000000       0x68
 .comment       0x0000000000000000       0x68 build/main.o
                                         0x69 (size before relaxing)
 .comment       0x0000000000000068       0x69 build/stm32f7xx_it.o
 .comment       0x0000000000000068       0x69 build/stm32f7xx_hal_msp.o
 .comment       0x0000000000000068       0x69 build/stm32f7xx_hal_cortex.o
 .comment       0x0000000000000068       0x69 build/stm32f7xx_hal_i2c.o
 .comment       0x0000000000000068       0x69 build/stm32f7xx_hal_i2c_ex.o
 .comment       0x0000000000000068       0x69 build/stm32f7xx_hal_rcc.o
 .comment       0x0000000000000068       0x69 build/stm32f7xx_hal_rcc_ex.o
 .comment       0x0000000000000068       0x69 build/stm32f7xx_hal_gpio.o
 .comment       0x0000000000000068       0x69 build/stm32f7xx_hal_pwr.o
 .comment       0x0000000000000068       0x69 build/stm32f7xx_hal.o
 .comment       0x0000000000000068       0x69 build/stm32f7xx_hal_spi.o
 .comment       0x0000000000000068       0x69 build/stm32f7xx_hal_uart.o
 .comment       0x0000000000000068       0x69 build/system_stm32f7xx.o

.debug_frame    0x0000000000000000     0x23b0
 .debug_frame   0x0000000000000000      0x124 build/main.o
 .debug_frame   0x0000000000000124       0xac build/stm32f7xx_it.o
 .debug_frame   0x00000000000001d0       0xec build/stm32f7xx_hal_msp.o
 .debug_frame   0x00000000000002bc      0x16c build/stm32f7xx_hal_cortex.o
 .debug_frame   0x0000000000000428      0xa60 build/stm32f7xx_hal_i2c.o
 .debug_frame   0x0000000000000e88       0x78 build/stm32f7xx_hal_i2c_ex.o
 .debug_frame   0x0000000000000f00      0x1b4 build/stm32f7xx_hal_rcc.o
 .debug_frame   0x00000000000010b4       0xe8 build/stm32f7xx_hal_rcc_ex.o
 .debug_frame   0x000000000000119c       0xf0 build/stm32f7xx_hal_gpio.o
 .debug_frame   0x000000000000128c      0x138 build/stm32f7xx_hal_pwr.o
 .debug_frame   0x00000000000013c4      0x240 build/stm32f7xx_hal.o
 .debug_frame   0x0000000000001604      0x66c build/stm32f7xx_hal_spi.o
 .debug_frame   0x0000000000001c70      0x664 build/stm32f7xx_hal_uart.o
 .debug_frame   0x00000000000022d4       0x30 build/system_stm32f7xx.o
 .debug_frame   0x0000000000002304       0x2c c:/users/hungv/appdata/roaming/xpacks/@gnu-mcu-eclipse/arm-none-eabi-gcc/8.2.1-1.7.1/.content/bin/../lib/gcc/arm-none-eabi/8.2.1/../../../../arm-none-eabi/lib/thumb/v7e-m+dp/hard\libc_nano.a(lib_a-init.o)
 .debug_frame   0x0000000000002330       0x20 c:/users/hungv/appdata/roaming/xpacks/@gnu-mcu-eclipse/arm-none-eabi-gcc/8.2.1-1.7.1/.content/bin/../lib/gcc/arm-none-eabi/8.2.1/../../../../arm-none-eabi/lib/thumb/v7e-m+dp/hard\libc_nano.a(lib_a-memset.o)
 .debug_frame   0x0000000000002350       0x2c c:/users/hungv/appdata/roaming/xpacks/@gnu-mcu-eclipse/arm-none-eabi-gcc/8.2.1-1.7.1/.content/bin/../lib/gcc/arm-none-eabi/8.2.1/thumb/v7e-m+dp/hard\libgcc.a(_aeabi_uldivmod.o)
 .debug_frame   0x000000000000237c       0x34 c:/users/hungv/appdata/roaming/xpacks/@gnu-mcu-eclipse/arm-none-eabi-gcc/8.2.1-1.7.1/.content/bin/../lib/gcc/arm-none-eabi/8.2.1/thumb/v7e-m+dp/hard\libgcc.a(_udivmoddi4.o)

Cross Reference Table

Symbol                                            File
ADC_IRQHandler                                    build/startup_stm32f767xx.o
AHBPrescTable                                     build/system_stm32f7xx.o
                                                  build/stm32f7xx_hal_rcc.o
APBPrescTable                                     build/system_stm32f7xx.o
                                                  build/stm32f7xx_hal_rcc.o
BusFault_Handler                                  build/stm32f7xx_it.o
CAN1_RX0_IRQHandler                               build/startup_stm32f767xx.o
CAN1_RX1_IRQHandler                               build/startup_stm32f767xx.o
CAN1_SCE_IRQHandler                               build/startup_stm32f767xx.o
CAN1_TX_IRQHandler                                build/startup_stm32f767xx.o
CAN2_RX0_IRQHandler                               build/startup_stm32f767xx.o
CAN2_RX1_IRQHandler                               build/startup_stm32f767xx.o
CAN2_SCE_IRQHandler                               build/startup_stm32f767xx.o
CAN2_TX_IRQHandler                                build/startup_stm32f767xx.o
CAN3_RX0_IRQHandler                               build/startup_stm32f767xx.o
CAN3_RX1_IRQHandler                               build/startup_stm32f767xx.o
CAN3_SCE_IRQHandler                               build/startup_stm32f767xx.o
CAN3_TX_IRQHandler                                build/startup_stm32f767xx.o
CEC_IRQHandler                                    build/startup_stm32f767xx.o
DCMI_IRQHandler                                   build/startup_stm32f767xx.o
DFSDM1_FLT0_IRQHandler                            build/startup_stm32f767xx.o
DFSDM1_FLT1_IRQHandler                            build/startup_stm32f767xx.o
DFSDM1_FLT2_IRQHandler                            build/startup_stm32f767xx.o
DFSDM1_FLT3_IRQHandler                            build/startup_stm32f767xx.o
DMA1_Stream0_IRQHandler                           build/startup_stm32f767xx.o
DMA1_Stream1_IRQHandler                           build/startup_stm32f767xx.o
DMA1_Stream2_IRQHandler                           build/startup_stm32f767xx.o
DMA1_Stream3_IRQHandler                           build/startup_stm32f767xx.o
DMA1_Stream4_IRQHandler                           build/startup_stm32f767xx.o
DMA1_Stream5_IRQHandler                           build/startup_stm32f767xx.o
DMA1_Stream6_IRQHandler                           build/startup_stm32f767xx.o
DMA1_Stream7_IRQHandler                           build/startup_stm32f767xx.o
DMA2D_IRQHandler                                  build/startup_stm32f767xx.o
DMA2_Stream0_IRQHandler                           build/startup_stm32f767xx.o
DMA2_Stream1_IRQHandler                           build/startup_stm32f767xx.o
DMA2_Stream2_IRQHandler                           build/startup_stm32f767xx.o
DMA2_Stream3_IRQHandler                           build/startup_stm32f767xx.o
DMA2_Stream4_IRQHandler                           build/startup_stm32f767xx.o
DMA2_Stream5_IRQHandler                           build/startup_stm32f767xx.o
DMA2_Stream6_IRQHandler                           build/startup_stm32f767xx.o
DMA2_Stream7_IRQHandler                           build/startup_stm32f767xx.o
DebugMon_Handler                                  build/stm32f7xx_it.o
Default_Handler                                   build/startup_stm32f767xx.o
ETH_IRQHandler                                    build/startup_stm32f767xx.o
ETH_WKUP_IRQHandler                               build/startup_stm32f767xx.o
EXTI0_IRQHandler                                  build/startup_stm32f767xx.o
EXTI15_10_IRQHandler                              build/startup_stm32f767xx.o
EXTI1_IRQHandler                                  build/startup_stm32f767xx.o
EXTI2_IRQHandler                                  build/startup_stm32f767xx.o
EXTI3_IRQHandler                                  build/startup_stm32f767xx.o
EXTI4_IRQHandler                                  build/startup_stm32f767xx.o
EXTI9_5_IRQHandler                                build/startup_stm32f767xx.o
Error_Handler                                     build/main.o
FLASH_Erase_Sector                                build/stm32f7xx_hal_flash_ex.o
                                                  build/stm32f7xx_hal_flash.o
FLASH_IRQHandler                                  build/startup_stm32f767xx.o
FLASH_WaitForLastOperation                        build/stm32f7xx_hal_flash.o
                                                  build/stm32f7xx_hal_flash_ex.o
FMC_IRQHandler                                    build/startup_stm32f767xx.o
FPU_IRQHandler                                    build/startup_stm32f767xx.o
HAL_DBGMCU_DisableDBGSleepMode                    build/stm32f7xx_hal.o
HAL_DBGMCU_DisableDBGStandbyMode                  build/stm32f7xx_hal.o
HAL_DBGMCU_DisableDBGStopMode                     build/stm32f7xx_hal.o
HAL_DBGMCU_EnableDBGSleepMode                     build/stm32f7xx_hal.o
HAL_DBGMCU_EnableDBGStandbyMode                   build/stm32f7xx_hal.o
HAL_DBGMCU_EnableDBGStopMode                      build/stm32f7xx_hal.o
HAL_DMAEx_ChangeMemory                            build/stm32f7xx_hal_dma_ex.o
HAL_DMAEx_MultiBufferStart                        build/stm32f7xx_hal_dma_ex.o
HAL_DMAEx_MultiBufferStart_IT                     build/stm32f7xx_hal_dma_ex.o
HAL_DMA_Abort                                     build/stm32f7xx_hal_dma.o
                                                  build/stm32f7xx_hal_uart.o
                                                  build/stm32f7xx_hal_spi.o
HAL_DMA_Abort_IT                                  build/stm32f7xx_hal_dma.o
                                                  build/stm32f7xx_hal_uart.o
                                                  build/stm32f7xx_hal_spi.o
                                                  build/stm32f7xx_hal_i2c.o
HAL_DMA_DeInit                                    build/stm32f7xx_hal_dma.o
HAL_DMA_GetError                                  build/stm32f7xx_hal_dma.o
                                                  build/stm32f7xx_hal_uart.o
                                                  build/stm32f7xx_hal_i2c.o
HAL_DMA_GetState                                  build/stm32f7xx_hal_dma.o
HAL_DMA_IRQHandler                                build/stm32f7xx_hal_dma.o
HAL_DMA_Init                                      build/stm32f7xx_hal_dma.o
HAL_DMA_PollForTransfer                           build/stm32f7xx_hal_dma.o
HAL_DMA_RegisterCallback                          build/stm32f7xx_hal_dma.o
HAL_DMA_Start                                     build/stm32f7xx_hal_dma.o
HAL_DMA_Start_IT                                  build/stm32f7xx_hal_dma.o
                                                  build/stm32f7xx_hal_uart.o
                                                  build/stm32f7xx_hal_spi.o
                                                  build/stm32f7xx_hal_i2c.o
HAL_DMA_UnRegisterCallback                        build/stm32f7xx_hal_dma.o
HAL_DeInit                                        build/stm32f7xx_hal.o
HAL_Delay                                         build/stm32f7xx_hal.o
HAL_DisableCompensationCell                       build/stm32f7xx_hal.o
HAL_DisableFMCMemorySwapping                      build/stm32f7xx_hal.o
HAL_DisableMemorySwappingBank                     build/stm32f7xx_hal.o
HAL_EXTI_ClearConfigLine                          build/stm32f7xx_hal_exti.o
HAL_EXTI_ClearPending                             build/stm32f7xx_hal_exti.o
HAL_EXTI_GenerateSWI                              build/stm32f7xx_hal_exti.o
HAL_EXTI_GetConfigLine                            build/stm32f7xx_hal_exti.o
HAL_EXTI_GetHandle                                build/stm32f7xx_hal_exti.o
HAL_EXTI_GetPending                               build/stm32f7xx_hal_exti.o
HAL_EXTI_IRQHandler                               build/stm32f7xx_hal_exti.o
HAL_EXTI_RegisterCallback                         build/stm32f7xx_hal_exti.o
HAL_EXTI_SetConfigLine                            build/stm32f7xx_hal_exti.o
HAL_EnableCompensationCell                        build/stm32f7xx_hal.o
HAL_EnableFMCMemorySwapping                       build/stm32f7xx_hal.o
HAL_EnableMemorySwappingBank                      build/stm32f7xx_hal.o
HAL_FLASHEx_Erase                                 build/stm32f7xx_hal_flash_ex.o
HAL_FLASHEx_Erase_IT                              build/stm32f7xx_hal_flash_ex.o
HAL_FLASHEx_OBGetConfig                           build/stm32f7xx_hal_flash_ex.o
HAL_FLASHEx_OBProgram                             build/stm32f7xx_hal_flash_ex.o
HAL_FLASH_EndOfOperationCallback                  build/stm32f7xx_hal_flash.o
HAL_FLASH_GetError                                build/stm32f7xx_hal_flash.o
HAL_FLASH_IRQHandler                              build/stm32f7xx_hal_flash.o
HAL_FLASH_Lock                                    build/stm32f7xx_hal_flash.o
HAL_FLASH_OB_Launch                               build/stm32f7xx_hal_flash.o
HAL_FLASH_OB_Lock                                 build/stm32f7xx_hal_flash.o
HAL_FLASH_OB_Unlock                               build/stm32f7xx_hal_flash.o
HAL_FLASH_OperationErrorCallback                  build/stm32f7xx_hal_flash.o
HAL_FLASH_Program                                 build/stm32f7xx_hal_flash.o
HAL_FLASH_Program_IT                              build/stm32f7xx_hal_flash.o
HAL_FLASH_Unlock                                  build/stm32f7xx_hal_flash.o
HAL_GPIO_DeInit                                   build/stm32f7xx_hal_gpio.o
                                                  build/stm32f7xx_hal_msp.o
HAL_GPIO_EXTI_Callback                            build/stm32f7xx_hal_gpio.o
HAL_GPIO_EXTI_IRQHandler                          build/stm32f7xx_hal_gpio.o
HAL_GPIO_Init                                     build/stm32f7xx_hal_gpio.o
                                                  build/stm32f7xx_hal_rcc.o
                                                  build/stm32f7xx_hal_msp.o
                                                  build/main.o
HAL_GPIO_LockPin                                  build/stm32f7xx_hal_gpio.o
HAL_GPIO_ReadPin                                  build/stm32f7xx_hal_gpio.o
HAL_GPIO_TogglePin                                build/stm32f7xx_hal_gpio.o
HAL_GPIO_WritePin                                 build/stm32f7xx_hal_gpio.o
                                                  build/main.o
HAL_GetDEVID                                      build/stm32f7xx_hal.o
HAL_GetHalVersion                                 build/stm32f7xx_hal.o
HAL_GetREVID                                      build/stm32f7xx_hal.o
HAL_GetTick                                       build/stm32f7xx_hal.o
                                                  build/stm32f7xx_hal_uart_ex.o
                                                  build/stm32f7xx_hal_uart.o
                                                  build/stm32f7xx_hal_spi.o
                                                  build/stm32f7xx_hal_pwr_ex.o
                                                  build/stm32f7xx_hal_dma.o
                                                  build/stm32f7xx_hal_flash.o
                                                  build/stm32f7xx_hal_rcc_ex.o
                                                  build/stm32f7xx_hal_rcc.o
                                                  build/stm32f7xx_hal_i2c.o
HAL_GetTickFreq                                   build/stm32f7xx_hal.o
HAL_GetTickPrio                                   build/stm32f7xx_hal.o
HAL_GetUIDw0                                      build/stm32f7xx_hal.o
HAL_GetUIDw1                                      build/stm32f7xx_hal.o
HAL_GetUIDw2                                      build/stm32f7xx_hal.o
HAL_HalfDuplex_EnableReceiver                     build/stm32f7xx_hal_uart.o
HAL_HalfDuplex_EnableTransmitter                  build/stm32f7xx_hal_uart.o
HAL_HalfDuplex_Init                               build/stm32f7xx_hal_uart.o
HAL_I2CEx_ConfigAnalogFilter                      build/stm32f7xx_hal_i2c_ex.o
                                                  build/main.o
HAL_I2CEx_ConfigDigitalFilter                     build/stm32f7xx_hal_i2c_ex.o
                                                  build/main.o
HAL_I2CEx_DisableFastModePlus                     build/stm32f7xx_hal_i2c_ex.o
HAL_I2CEx_EnableFastModePlus                      build/stm32f7xx_hal_i2c_ex.o
HAL_I2C_AbortCpltCallback                         build/stm32f7xx_hal_i2c.o
HAL_I2C_AddrCallback                              build/stm32f7xx_hal_i2c.o
HAL_I2C_DeInit                                    build/stm32f7xx_hal_i2c.o
HAL_I2C_DisableListen_IT                          build/stm32f7xx_hal_i2c.o
HAL_I2C_ER_IRQHandler                             build/stm32f7xx_hal_i2c.o
HAL_I2C_EV_IRQHandler                             build/stm32f7xx_hal_i2c.o
HAL_I2C_EnableListen_IT                           build/stm32f7xx_hal_i2c.o
HAL_I2C_ErrorCallback                             build/stm32f7xx_hal_i2c.o
HAL_I2C_GetError                                  build/stm32f7xx_hal_i2c.o
HAL_I2C_GetMode                                   build/stm32f7xx_hal_i2c.o
HAL_I2C_GetState                                  build/stm32f7xx_hal_i2c.o
HAL_I2C_Init                                      build/stm32f7xx_hal_i2c.o
                                                  build/main.o
HAL_I2C_IsDeviceReady                             build/stm32f7xx_hal_i2c.o
HAL_I2C_ListenCpltCallback                        build/stm32f7xx_hal_i2c.o
HAL_I2C_MasterRxCpltCallback                      build/stm32f7xx_hal_i2c.o
HAL_I2C_MasterTxCpltCallback                      build/stm32f7xx_hal_i2c.o
HAL_I2C_Master_Abort_IT                           build/stm32f7xx_hal_i2c.o
HAL_I2C_Master_Receive                            build/stm32f7xx_hal_i2c.o
HAL_I2C_Master_Receive_DMA                        build/stm32f7xx_hal_i2c.o
HAL_I2C_Master_Receive_IT                         build/stm32f7xx_hal_i2c.o
HAL_I2C_Master_Seq_Receive_DMA                    build/stm32f7xx_hal_i2c.o
HAL_I2C_Master_Seq_Receive_IT                     build/stm32f7xx_hal_i2c.o
HAL_I2C_Master_Seq_Transmit_DMA                   build/stm32f7xx_hal_i2c.o
HAL_I2C_Master_Seq_Transmit_IT                    build/stm32f7xx_hal_i2c.o
HAL_I2C_Master_Transmit                           build/stm32f7xx_hal_i2c.o
HAL_I2C_Master_Transmit_DMA                       build/stm32f7xx_hal_i2c.o
HAL_I2C_Master_Transmit_IT                        build/stm32f7xx_hal_i2c.o
HAL_I2C_MemRxCpltCallback                         build/stm32f7xx_hal_i2c.o
HAL_I2C_MemTxCpltCallback                         build/stm32f7xx_hal_i2c.o
HAL_I2C_Mem_Read                                  build/stm32f7xx_hal_i2c.o
HAL_I2C_Mem_Read_DMA                              build/stm32f7xx_hal_i2c.o
HAL_I2C_Mem_Read_IT                               build/stm32f7xx_hal_i2c.o
HAL_I2C_Mem_Write                                 build/stm32f7xx_hal_i2c.o
HAL_I2C_Mem_Write_DMA                             build/stm32f7xx_hal_i2c.o
HAL_I2C_Mem_Write_IT                              build/stm32f7xx_hal_i2c.o
HAL_I2C_MspDeInit                                 build/stm32f7xx_hal_msp.o
HAL_I2C_MspInit                                   build/stm32f7xx_hal_msp.o
HAL_I2C_SlaveRxCpltCallback                       build/stm32f7xx_hal_i2c.o
HAL_I2C_SlaveTxCpltCallback                       build/stm32f7xx_hal_i2c.o
HAL_I2C_Slave_Receive                             build/stm32f7xx_hal_i2c.o
HAL_I2C_Slave_Receive_DMA                         build/stm32f7xx_hal_i2c.o
HAL_I2C_Slave_Receive_IT                          build/stm32f7xx_hal_i2c.o
HAL_I2C_Slave_Seq_Receive_DMA                     build/stm32f7xx_hal_i2c.o
HAL_I2C_Slave_Seq_Receive_IT                      build/stm32f7xx_hal_i2c.o
HAL_I2C_Slave_Seq_Transmit_DMA                    build/stm32f7xx_hal_i2c.o
HAL_I2C_Slave_Seq_Transmit_IT                     build/stm32f7xx_hal_i2c.o
HAL_I2C_Slave_Transmit                            build/stm32f7xx_hal_i2c.o
HAL_I2C_Slave_Transmit_DMA                        build/stm32f7xx_hal_i2c.o
HAL_I2C_Slave_Transmit_IT                         build/stm32f7xx_hal_i2c.o
HAL_IncTick                                       build/stm32f7xx_hal.o
                                                  build/stm32f7xx_it.o
HAL_Init                                          build/stm32f7xx_hal.o
                                                  build/main.o
HAL_InitTick                                      build/stm32f7xx_hal.o
                                                  build/stm32f7xx_hal_rcc.o
HAL_LIN_Init                                      build/stm32f7xx_hal_uart.o
HAL_LIN_SendBreak                                 build/stm32f7xx_hal_uart.o
HAL_MPU_ConfigRegion                              build/stm32f7xx_hal_cortex.o
HAL_MPU_Disable                                   build/stm32f7xx_hal_cortex.o
HAL_MPU_Enable                                    build/stm32f7xx_hal_cortex.o
HAL_MspDeInit                                     build/stm32f7xx_hal.o
HAL_MspInit                                       build/stm32f7xx_hal_msp.o
HAL_MultiProcessorEx_AddressLength_Set            build/stm32f7xx_hal_uart_ex.o
HAL_MultiProcessor_DisableMuteMode                build/stm32f7xx_hal_uart.o
HAL_MultiProcessor_EnableMuteMode                 build/stm32f7xx_hal_uart.o
HAL_MultiProcessor_EnterMuteMode                  build/stm32f7xx_hal_uart.o
HAL_MultiProcessor_Init                           build/stm32f7xx_hal_uart.o
HAL_NVIC_ClearPendingIRQ                          build/stm32f7xx_hal_cortex.o
HAL_NVIC_DisableIRQ                               build/stm32f7xx_hal_cortex.o
HAL_NVIC_EnableIRQ                                build/stm32f7xx_hal_cortex.o
HAL_NVIC_GetActive                                build/stm32f7xx_hal_cortex.o
HAL_NVIC_GetPendingIRQ                            build/stm32f7xx_hal_cortex.o
HAL_NVIC_GetPriority                              build/stm32f7xx_hal_cortex.o
HAL_NVIC_GetPriorityGrouping                      build/stm32f7xx_hal_cortex.o
HAL_NVIC_SetPendingIRQ                            build/stm32f7xx_hal_cortex.o
HAL_NVIC_SetPriority                              build/stm32f7xx_hal_cortex.o
                                                  build/stm32f7xx_hal.o
HAL_NVIC_SetPriorityGrouping                      build/stm32f7xx_hal_cortex.o
                                                  build/stm32f7xx_hal.o
HAL_NVIC_SystemReset                              build/stm32f7xx_hal_cortex.o
HAL_PWREx_ControlVoltageScaling                   build/stm32f7xx_hal_pwr_ex.o
HAL_PWREx_DisableBkUpReg                          build/stm32f7xx_hal_pwr_ex.o
HAL_PWREx_DisableFlashPowerDown                   build/stm32f7xx_hal_pwr_ex.o
HAL_PWREx_DisableLowRegulatorLowVoltage           build/stm32f7xx_hal_pwr_ex.o
HAL_PWREx_DisableMainRegulatorLowVoltage          build/stm32f7xx_hal_pwr_ex.o
HAL_PWREx_DisableOverDrive                        build/stm32f7xx_hal_pwr_ex.o
HAL_PWREx_EnableBkUpReg                           build/stm32f7xx_hal_pwr_ex.o
HAL_PWREx_EnableFlashPowerDown                    build/stm32f7xx_hal_pwr_ex.o
HAL_PWREx_EnableLowRegulatorLowVoltage            build/stm32f7xx_hal_pwr_ex.o
HAL_PWREx_EnableMainRegulatorLowVoltage           build/stm32f7xx_hal_pwr_ex.o
HAL_PWREx_EnableOverDrive                         build/stm32f7xx_hal_pwr_ex.o
HAL_PWREx_EnterUnderDriveSTOPMode                 build/stm32f7xx_hal_pwr_ex.o
HAL_PWREx_GetVoltageRange                         build/stm32f7xx_hal_pwr_ex.o
HAL_PWR_ConfigPVD                                 build/stm32f7xx_hal_pwr.o
HAL_PWR_DeInit                                    build/stm32f7xx_hal_pwr.o
HAL_PWR_DisableBkUpAccess                         build/stm32f7xx_hal_pwr.o
HAL_PWR_DisablePVD                                build/stm32f7xx_hal_pwr.o
HAL_PWR_DisableSEVOnPend                          build/stm32f7xx_hal_pwr.o
HAL_PWR_DisableSleepOnExit                        build/stm32f7xx_hal_pwr.o
HAL_PWR_DisableWakeUpPin                          build/stm32f7xx_hal_pwr.o
HAL_PWR_EnableBkUpAccess                          build/stm32f7xx_hal_pwr.o
                                                  build/main.o
HAL_PWR_EnablePVD                                 build/stm32f7xx_hal_pwr.o
HAL_PWR_EnableSEVOnPend                           build/stm32f7xx_hal_pwr.o
HAL_PWR_EnableSleepOnExit                         build/stm32f7xx_hal_pwr.o
HAL_PWR_EnableWakeUpPin                           build/stm32f7xx_hal_pwr.o
HAL_PWR_EnterSLEEPMode                            build/stm32f7xx_hal_pwr.o
HAL_PWR_EnterSTANDBYMode                          build/stm32f7xx_hal_pwr.o
HAL_PWR_EnterSTOPMode                             build/stm32f7xx_hal_pwr.o
HAL_PWR_PVDCallback                               build/stm32f7xx_hal_pwr.o
HAL_PWR_PVD_IRQHandler                            build/stm32f7xx_hal_pwr.o
HAL_RCCEx_DisablePLLI2S                           build/stm32f7xx_hal_rcc_ex.o
HAL_RCCEx_DisablePLLSAI                           build/stm32f7xx_hal_rcc_ex.o
HAL_RCCEx_EnablePLLI2S                            build/stm32f7xx_hal_rcc_ex.o
HAL_RCCEx_EnablePLLSAI                            build/stm32f7xx_hal_rcc_ex.o
HAL_RCCEx_GetPeriphCLKConfig                      build/stm32f7xx_hal_rcc_ex.o
HAL_RCCEx_GetPeriphCLKFreq                        build/stm32f7xx_hal_rcc_ex.o
HAL_RCCEx_PeriphCLKConfig                         build/stm32f7xx_hal_rcc_ex.o
                                                  build/main.o
HAL_RCC_CSSCallback                               build/stm32f7xx_hal_rcc.o
HAL_RCC_ClockConfig                               build/stm32f7xx_hal_rcc.o
                                                  build/main.o
HAL_RCC_DeInit                                    build/stm32f7xx_hal_rcc.o
HAL_RCC_DisableCSS                                build/stm32f7xx_hal_rcc.o
HAL_RCC_EnableCSS                                 build/stm32f7xx_hal_rcc.o
HAL_RCC_GetClockConfig                            build/stm32f7xx_hal_rcc.o
HAL_RCC_GetHCLKFreq                               build/stm32f7xx_hal_rcc.o
HAL_RCC_GetOscConfig                              build/stm32f7xx_hal_rcc.o
HAL_RCC_GetPCLK1Freq                              build/stm32f7xx_hal_rcc.o
                                                  build/stm32f7xx_hal_uart.o
HAL_RCC_GetPCLK2Freq                              build/stm32f7xx_hal_rcc.o
                                                  build/stm32f7xx_hal_uart.o
HAL_RCC_GetSysClockFreq                           build/stm32f7xx_hal_rcc.o
                                                  build/stm32f7xx_hal_uart.o
HAL_RCC_MCOConfig                                 build/stm32f7xx_hal_rcc.o
HAL_RCC_NMI_IRQHandler                            build/stm32f7xx_hal_rcc.o
HAL_RCC_OscConfig                                 build/stm32f7xx_hal_rcc.o
                                                  build/main.o
HAL_RS485Ex_Init                                  build/stm32f7xx_hal_uart_ex.o
HAL_ResumeTick                                    build/stm32f7xx_hal.o
HAL_SPIEx_FlushRxFifo                             build/stm32f7xx_hal_spi_ex.o
HAL_SPI_Abort                                     build/stm32f7xx_hal_spi.o
HAL_SPI_AbortCpltCallback                         build/stm32f7xx_hal_spi.o
HAL_SPI_Abort_IT                                  build/stm32f7xx_hal_spi.o
HAL_SPI_DMAPause                                  build/stm32f7xx_hal_spi.o
HAL_SPI_DMAResume                                 build/stm32f7xx_hal_spi.o
HAL_SPI_DMAStop                                   build/stm32f7xx_hal_spi.o
HAL_SPI_DeInit                                    build/stm32f7xx_hal_spi.o
HAL_SPI_ErrorCallback                             build/stm32f7xx_hal_spi.o
HAL_SPI_GetError                                  build/stm32f7xx_hal_spi.o
HAL_SPI_GetState                                  build/stm32f7xx_hal_spi.o
HAL_SPI_IRQHandler                                build/stm32f7xx_hal_spi.o
HAL_SPI_Init                                      build/stm32f7xx_hal_spi.o
                                                  build/main.o
HAL_SPI_MspDeInit                                 build/stm32f7xx_hal_msp.o
HAL_SPI_MspInit                                   build/stm32f7xx_hal_msp.o
HAL_SPI_Receive                                   build/stm32f7xx_hal_spi.o
HAL_SPI_Receive_DMA                               build/stm32f7xx_hal_spi.o
HAL_SPI_Receive_IT                                build/stm32f7xx_hal_spi.o
HAL_SPI_RxCpltCallback                            build/stm32f7xx_hal_spi.o
HAL_SPI_RxHalfCpltCallback                        build/stm32f7xx_hal_spi.o
HAL_SPI_Transmit                                  build/stm32f7xx_hal_spi.o
HAL_SPI_TransmitReceive                           build/stm32f7xx_hal_spi.o
HAL_SPI_TransmitReceive_DMA                       build/stm32f7xx_hal_spi.o
HAL_SPI_TransmitReceive_IT                        build/stm32f7xx_hal_spi.o
HAL_SPI_Transmit_DMA                              build/stm32f7xx_hal_spi.o
HAL_SPI_Transmit_IT                               build/stm32f7xx_hal_spi.o
HAL_SPI_TxCpltCallback                            build/stm32f7xx_hal_spi.o
HAL_SPI_TxHalfCpltCallback                        build/stm32f7xx_hal_spi.o
HAL_SPI_TxRxCpltCallback                          build/stm32f7xx_hal_spi.o
HAL_SPI_TxRxHalfCpltCallback                      build/stm32f7xx_hal_spi.o
HAL_SYSTICK_CLKSourceConfig                       build/stm32f7xx_hal_cortex.o
HAL_SYSTICK_Callback                              build/stm32f7xx_hal_cortex.o
HAL_SYSTICK_Config                                build/stm32f7xx_hal_cortex.o
                                                  build/stm32f7xx_hal.o
HAL_SYSTICK_IRQHandler                            build/stm32f7xx_hal_cortex.o
HAL_SetTickFreq                                   build/stm32f7xx_hal.o
HAL_SuspendTick                                   build/stm32f7xx_hal.o
HAL_UARTEx_DisableClockStopMode                   build/stm32f7xx_hal_uart_ex.o
HAL_UARTEx_DisableStopMode                        build/stm32f7xx_hal_uart_ex.o
HAL_UARTEx_EnableClockStopMode                    build/stm32f7xx_hal_uart_ex.o
HAL_UARTEx_EnableStopMode                         build/stm32f7xx_hal_uart_ex.o
HAL_UARTEx_StopModeWakeUpSourceConfig             build/stm32f7xx_hal_uart_ex.o
HAL_UARTEx_WakeupCallback                         build/stm32f7xx_hal_uart.o
HAL_UART_Abort                                    build/stm32f7xx_hal_uart.o
HAL_UART_AbortCpltCallback                        build/stm32f7xx_hal_uart.o
HAL_UART_AbortReceive                             build/stm32f7xx_hal_uart.o
HAL_UART_AbortReceiveCpltCallback                 build/stm32f7xx_hal_uart.o
HAL_UART_AbortReceive_IT                          build/stm32f7xx_hal_uart.o
HAL_UART_AbortTransmit                            build/stm32f7xx_hal_uart.o
HAL_UART_AbortTransmitCpltCallback                build/stm32f7xx_hal_uart.o
HAL_UART_AbortTransmit_IT                         build/stm32f7xx_hal_uart.o
HAL_UART_Abort_IT                                 build/stm32f7xx_hal_uart.o
HAL_UART_DMAPause                                 build/stm32f7xx_hal_uart.o
HAL_UART_DMAResume                                build/stm32f7xx_hal_uart.o
HAL_UART_DMAStop                                  build/stm32f7xx_hal_uart.o
HAL_UART_DeInit                                   build/stm32f7xx_hal_uart.o
HAL_UART_DisableReceiverTimeout                   build/stm32f7xx_hal_uart.o
HAL_UART_EnableReceiverTimeout                    build/stm32f7xx_hal_uart.o
HAL_UART_ErrorCallback                            build/stm32f7xx_hal_uart.o
HAL_UART_GetError                                 build/stm32f7xx_hal_uart.o
HAL_UART_GetState                                 build/stm32f7xx_hal_uart.o
HAL_UART_IRQHandler                               build/stm32f7xx_hal_uart.o
HAL_UART_Init                                     build/stm32f7xx_hal_uart.o
                                                  build/main.o
HAL_UART_MspDeInit                                build/stm32f7xx_hal_msp.o
HAL_UART_MspInit                                  build/stm32f7xx_hal_msp.o
                                                  build/stm32f7xx_hal_uart_ex.o
HAL_UART_Receive                                  build/stm32f7xx_hal_uart.o
HAL_UART_Receive_DMA                              build/stm32f7xx_hal_uart.o
HAL_UART_Receive_IT                               build/stm32f7xx_hal_uart.o
HAL_UART_ReceiverTimeout_Config                   build/stm32f7xx_hal_uart.o
HAL_UART_RxCpltCallback                           build/stm32f7xx_hal_uart.o
HAL_UART_RxHalfCpltCallback                       build/stm32f7xx_hal_uart.o
HAL_UART_Transmit                                 build/stm32f7xx_hal_uart.o
HAL_UART_Transmit_DMA                             build/stm32f7xx_hal_uart.o
HAL_UART_Transmit_IT                              build/stm32f7xx_hal_uart.o
HAL_UART_TxCpltCallback                           build/stm32f7xx_hal_uart.o
HAL_UART_TxHalfCpltCallback                       build/stm32f7xx_hal_uart.o
HardFault_Handler                                 build/stm32f7xx_it.o
I2C1_ER_IRQHandler                                build/startup_stm32f767xx.o
I2C1_EV_IRQHandler                                build/startup_stm32f767xx.o
I2C2_ER_IRQHandler                                build/startup_stm32f767xx.o
I2C2_EV_IRQHandler                                build/startup_stm32f767xx.o
I2C3_ER_IRQHandler                                build/startup_stm32f767xx.o
I2C3_EV_IRQHandler                                build/startup_stm32f767xx.o
I2C4_ER_IRQHandler                                build/startup_stm32f767xx.o
I2C4_EV_IRQHandler                                build/startup_stm32f767xx.o
JPEG_IRQHandler                                   build/startup_stm32f767xx.o
LPTIM1_IRQHandler                                 build/startup_stm32f767xx.o
LTDC_ER_IRQHandler                                build/startup_stm32f767xx.o
LTDC_IRQHandler                                   build/startup_stm32f767xx.o
MDIOS_IRQHandler                                  build/startup_stm32f767xx.o
MemManage_Handler                                 build/stm32f7xx_it.o
NMI_Handler                                       build/stm32f7xx_it.o
OTG_FS_IRQHandler                                 build/startup_stm32f767xx.o
OTG_FS_WKUP_IRQHandler                            build/startup_stm32f767xx.o
OTG_HS_EP1_IN_IRQHandler                          build/startup_stm32f767xx.o
OTG_HS_EP1_OUT_IRQHandler                         build/startup_stm32f767xx.o
OTG_HS_IRQHandler                                 build/startup_stm32f767xx.o
OTG_HS_WKUP_IRQHandler                            build/startup_stm32f767xx.o
PVD_IRQHandler                                    build/startup_stm32f767xx.o
PendSV_Handler                                    build/stm32f7xx_it.o
QUADSPI_IRQHandler                                build/startup_stm32f767xx.o
RCC_IRQHandler                                    build/startup_stm32f767xx.o
RNG_IRQHandler                                    build/startup_stm32f767xx.o
RTC_Alarm_IRQHandler                              build/startup_stm32f767xx.o
RTC_WKUP_IRQHandler                               build/startup_stm32f767xx.o
Reset_Handler                                     build/startup_stm32f767xx.o
SAI1_IRQHandler                                   build/startup_stm32f767xx.o
SAI2_IRQHandler                                   build/startup_stm32f767xx.o
SDMMC1_IRQHandler                                 build/startup_stm32f767xx.o
SDMMC2_IRQHandler                                 build/startup_stm32f767xx.o
SPDIF_RX_IRQHandler                               build/startup_stm32f767xx.o
SPI1_IRQHandler                                   build/startup_stm32f767xx.o
SPI2_IRQHandler                                   build/startup_stm32f767xx.o
SPI3_IRQHandler                                   build/startup_stm32f767xx.o
SPI4_IRQHandler                                   build/startup_stm32f767xx.o
SPI5_IRQHandler                                   build/startup_stm32f767xx.o
SPI6_IRQHandler                                   build/startup_stm32f767xx.o
SVC_Handler                                       build/stm32f7xx_it.o
SysTick_Handler                                   build/stm32f7xx_it.o
SystemClock_Config                                build/main.o
SystemCoreClock                                   build/system_stm32f7xx.o
                                                  build/stm32f7xx_hal_spi.o
                                                  build/stm32f7xx_hal.o
                                                  build/stm32f7xx_hal_dma.o
                                                  build/stm32f7xx_hal_rcc.o
SystemCoreClockUpdate                             build/system_stm32f7xx.o
SystemInit                                        build/system_stm32f7xx.o
                                                  build/startup_stm32f767xx.o
TAMP_STAMP_IRQHandler                             build/startup_stm32f767xx.o
TIM1_BRK_TIM9_IRQHandler                          build/startup_stm32f767xx.o
TIM1_CC_IRQHandler                                build/startup_stm32f767xx.o
TIM1_TRG_COM_TIM11_IRQHandler                     build/startup_stm32f767xx.o
TIM1_UP_TIM10_IRQHandler                          build/startup_stm32f767xx.o
TIM2_IRQHandler                                   build/startup_stm32f767xx.o
TIM3_IRQHandler                                   build/startup_stm32f767xx.o
TIM4_IRQHandler                                   build/startup_stm32f767xx.o
TIM5_IRQHandler                                   build/startup_stm32f767xx.o
TIM6_DAC_IRQHandler                               build/startup_stm32f767xx.o
TIM7_IRQHandler                                   build/startup_stm32f767xx.o
TIM8_BRK_TIM12_IRQHandler                         build/startup_stm32f767xx.o
TIM8_CC_IRQHandler                                build/startup_stm32f767xx.o
TIM8_TRG_COM_TIM14_IRQHandler                     build/startup_stm32f767xx.o
TIM8_UP_TIM13_IRQHandler                          build/startup_stm32f767xx.o
UART4_IRQHandler                                  build/startup_stm32f767xx.o
UART5_IRQHandler                                  build/startup_stm32f767xx.o
UART7_IRQHandler                                  build/startup_stm32f767xx.o
UART8_IRQHandler                                  build/startup_stm32f767xx.o
UART_AdvFeatureConfig                             build/stm32f7xx_hal_uart.o
                                                  build/stm32f7xx_hal_uart_ex.o
UART_CheckIdleState                               build/stm32f7xx_hal_uart.o
                                                  build/stm32f7xx_hal_uart_ex.o
UART_SetConfig                                    build/stm32f7xx_hal_uart.o
                                                  build/stm32f7xx_hal_uart_ex.o
UART_WaitOnFlagUntilTimeout                       build/stm32f7xx_hal_uart.o
                                                  build/stm32f7xx_hal_uart_ex.o
USART1_IRQHandler                                 build/startup_stm32f767xx.o
USART2_IRQHandler                                 build/startup_stm32f767xx.o
USART3_IRQHandler                                 build/startup_stm32f767xx.o
USART6_IRQHandler                                 build/startup_stm32f767xx.o
UsageFault_Handler                                build/stm32f7xx_it.o
WWDG_IRQHandler                                   build/startup_stm32f767xx.o
_ITM_deregisterTMCloneTable                       c:/users/hungv/appdata/roaming/xpacks/@gnu-mcu-eclipse/arm-none-eabi-gcc/8.2.1-1.7.1/.content/bin/../lib/gcc/arm-none-eabi/8.2.1/thumb/v7e-m+dp/hard/crtbegin.o
_ITM_registerTMCloneTable                         c:/users/hungv/appdata/roaming/xpacks/@gnu-mcu-eclipse/arm-none-eabi-gcc/8.2.1-1.7.1/.content/bin/../lib/gcc/arm-none-eabi/8.2.1/thumb/v7e-m+dp/hard/crtbegin.o
__TMC_END__                                       c:/users/hungv/appdata/roaming/xpacks/@gnu-mcu-eclipse/arm-none-eabi-gcc/8.2.1-1.7.1/.content/bin/../lib/gcc/arm-none-eabi/8.2.1/thumb/v7e-m+dp/hard/crtend.o
                                                  c:/users/hungv/appdata/roaming/xpacks/@gnu-mcu-eclipse/arm-none-eabi-gcc/8.2.1-1.7.1/.content/bin/../lib/gcc/arm-none-eabi/8.2.1/thumb/v7e-m+dp/hard/crtbegin.o
__aeabi_idiv0                                     c:/users/hungv/appdata/roaming/xpacks/@gnu-mcu-eclipse/arm-none-eabi-gcc/8.2.1-1.7.1/.content/bin/../lib/gcc/arm-none-eabi/8.2.1/thumb/v7e-m+dp/hard\libgcc.a(_dvmd_tls.o)
__aeabi_ldiv0                                     c:/users/hungv/appdata/roaming/xpacks/@gnu-mcu-eclipse/arm-none-eabi-gcc/8.2.1-1.7.1/.content/bin/../lib/gcc/arm-none-eabi/8.2.1/thumb/v7e-m+dp/hard\libgcc.a(_dvmd_tls.o)
                                                  c:/users/hungv/appdata/roaming/xpacks/@gnu-mcu-eclipse/arm-none-eabi-gcc/8.2.1-1.7.1/.content/bin/../lib/gcc/arm-none-eabi/8.2.1/thumb/v7e-m+dp/hard\libgcc.a(_aeabi_uldivmod.o)
__aeabi_uldivmod                                  c:/users/hungv/appdata/roaming/xpacks/@gnu-mcu-eclipse/arm-none-eabi-gcc/8.2.1-1.7.1/.content/bin/../lib/gcc/arm-none-eabi/8.2.1/thumb/v7e-m+dp/hard\libgcc.a(_aeabi_uldivmod.o)
                                                  build/stm32f7xx_hal_rcc.o
__bss_end__                                       c:/users/hungv/appdata/roaming/xpacks/@gnu-mcu-eclipse/arm-none-eabi-gcc/8.2.1-1.7.1/.content/bin/../lib/gcc/arm-none-eabi/8.2.1/../../../../arm-none-eabi/lib/thumb/v7e-m+dp/hard/crt0.o
__bss_start__                                     c:/users/hungv/appdata/roaming/xpacks/@gnu-mcu-eclipse/arm-none-eabi-gcc/8.2.1-1.7.1/.content/bin/../lib/gcc/arm-none-eabi/8.2.1/../../../../arm-none-eabi/lib/thumb/v7e-m+dp/hard/crt0.o
__call_exitprocs                                  c:/users/hungv/appdata/roaming/xpacks/@gnu-mcu-eclipse/arm-none-eabi-gcc/8.2.1-1.7.1/.content/bin/../lib/gcc/arm-none-eabi/8.2.1/../../../../arm-none-eabi/lib/thumb/v7e-m+dp/hard\libc_nano.a(lib_a-exit.o)
__deregister_frame_info                           c:/users/hungv/appdata/roaming/xpacks/@gnu-mcu-eclipse/arm-none-eabi-gcc/8.2.1-1.7.1/.content/bin/../lib/gcc/arm-none-eabi/8.2.1/thumb/v7e-m+dp/hard/crtbegin.o
__dso_handle                                      c:/users/hungv/appdata/roaming/xpacks/@gnu-mcu-eclipse/arm-none-eabi-gcc/8.2.1-1.7.1/.content/bin/../lib/gcc/arm-none-eabi/8.2.1/thumb/v7e-m+dp/hard/crtbegin.o
__init_array_end                                  c:/users/hungv/appdata/roaming/xpacks/@gnu-mcu-eclipse/arm-none-eabi-gcc/8.2.1-1.7.1/.content/bin/../lib/gcc/arm-none-eabi/8.2.1/../../../../arm-none-eabi/lib/thumb/v7e-m+dp/hard\libc_nano.a(lib_a-init.o)
__init_array_start                                c:/users/hungv/appdata/roaming/xpacks/@gnu-mcu-eclipse/arm-none-eabi-gcc/8.2.1-1.7.1/.content/bin/../lib/gcc/arm-none-eabi/8.2.1/../../../../arm-none-eabi/lib/thumb/v7e-m+dp/hard\libc_nano.a(lib_a-init.o)
__libc_fini_array                                 c:/users/hungv/appdata/roaming/xpacks/@gnu-mcu-eclipse/arm-none-eabi-gcc/8.2.1-1.7.1/.content/bin/../lib/gcc/arm-none-eabi/8.2.1/../../../../arm-none-eabi/lib/thumb/v7e-m+dp/hard/crt0.o
__libc_init_array                                 c:/users/hungv/appdata/roaming/xpacks/@gnu-mcu-eclipse/arm-none-eabi-gcc/8.2.1-1.7.1/.content/bin/../lib/gcc/arm-none-eabi/8.2.1/../../../../arm-none-eabi/lib/thumb/v7e-m+dp/hard\libc_nano.a(lib_a-init.o)
                                                  build/startup_stm32f767xx.o
                                                  c:/users/hungv/appdata/roaming/xpacks/@gnu-mcu-eclipse/arm-none-eabi-gcc/8.2.1-1.7.1/.content/bin/../lib/gcc/arm-none-eabi/8.2.1/../../../../arm-none-eabi/lib/thumb/v7e-m+dp/hard/crt0.o
__preinit_array_end                               c:/users/hungv/appdata/roaming/xpacks/@gnu-mcu-eclipse/arm-none-eabi-gcc/8.2.1-1.7.1/.content/bin/../lib/gcc/arm-none-eabi/8.2.1/../../../../arm-none-eabi/lib/thumb/v7e-m+dp/hard\libc_nano.a(lib_a-init.o)
__preinit_array_start                             c:/users/hungv/appdata/roaming/xpacks/@gnu-mcu-eclipse/arm-none-eabi-gcc/8.2.1-1.7.1/.content/bin/../lib/gcc/arm-none-eabi/8.2.1/../../../../arm-none-eabi/lib/thumb/v7e-m+dp/hard\libc_nano.a(lib_a-init.o)
__register_frame_info                             c:/users/hungv/appdata/roaming/xpacks/@gnu-mcu-eclipse/arm-none-eabi-gcc/8.2.1-1.7.1/.content/bin/../lib/gcc/arm-none-eabi/8.2.1/thumb/v7e-m+dp/hard/crtbegin.o
__sf_fake_stderr                                  c:/users/hungv/appdata/roaming/xpacks/@gnu-mcu-eclipse/arm-none-eabi-gcc/8.2.1-1.7.1/.content/bin/../lib/gcc/arm-none-eabi/8.2.1/../../../../arm-none-eabi/lib/thumb/v7e-m+dp/hard\libc_nano.a(lib_a-impure.o)
__sf_fake_stdin                                   c:/users/hungv/appdata/roaming/xpacks/@gnu-mcu-eclipse/arm-none-eabi-gcc/8.2.1-1.7.1/.content/bin/../lib/gcc/arm-none-eabi/8.2.1/../../../../arm-none-eabi/lib/thumb/v7e-m+dp/hard\libc_nano.a(lib_a-impure.o)
__sf_fake_stdout                                  c:/users/hungv/appdata/roaming/xpacks/@gnu-mcu-eclipse/arm-none-eabi-gcc/8.2.1-1.7.1/.content/bin/../lib/gcc/arm-none-eabi/8.2.1/../../../../arm-none-eabi/lib/thumb/v7e-m+dp/hard\libc_nano.a(lib_a-impure.o)
__stack                                           c:/users/hungv/appdata/roaming/xpacks/@gnu-mcu-eclipse/arm-none-eabi-gcc/8.2.1-1.7.1/.content/bin/../lib/gcc/arm-none-eabi/8.2.1/../../../../arm-none-eabi/lib/thumb/v7e-m+dp/hard/crt0.o
__udivmoddi4                                      c:/users/hungv/appdata/roaming/xpacks/@gnu-mcu-eclipse/arm-none-eabi-gcc/8.2.1-1.7.1/.content/bin/../lib/gcc/arm-none-eabi/8.2.1/thumb/v7e-m+dp/hard\libgcc.a(_udivmoddi4.o)
                                                  c:/users/hungv/appdata/roaming/xpacks/@gnu-mcu-eclipse/arm-none-eabi-gcc/8.2.1-1.7.1/.content/bin/../lib/gcc/arm-none-eabi/8.2.1/thumb/v7e-m+dp/hard\libgcc.a(_aeabi_uldivmod.o)
_ebss                                             build/startup_stm32f767xx.o
_edata                                            build/startup_stm32f767xx.o
_estack                                           build/startup_stm32f767xx.o
_exit                                             c:/users/hungv/appdata/roaming/xpacks/@gnu-mcu-eclipse/arm-none-eabi-gcc/8.2.1-1.7.1/.content/bin/../lib/gcc/arm-none-eabi/8.2.1/../../../../arm-none-eabi/lib/thumb/v7e-m+dp/hard\libnosys.a(_exit.o)
                                                  c:/users/hungv/appdata/roaming/xpacks/@gnu-mcu-eclipse/arm-none-eabi-gcc/8.2.1-1.7.1/.content/bin/../lib/gcc/arm-none-eabi/8.2.1/../../../../arm-none-eabi/lib/thumb/v7e-m+dp/hard\libc_nano.a(lib_a-exit.o)
_fini                                             c:/users/hungv/appdata/roaming/xpacks/@gnu-mcu-eclipse/arm-none-eabi-gcc/8.2.1-1.7.1/.content/bin/../lib/gcc/arm-none-eabi/8.2.1/thumb/v7e-m+dp/hard/crti.o
_global_impure_ptr                                c:/users/hungv/appdata/roaming/xpacks/@gnu-mcu-eclipse/arm-none-eabi-gcc/8.2.1-1.7.1/.content/bin/../lib/gcc/arm-none-eabi/8.2.1/../../../../arm-none-eabi/lib/thumb/v7e-m+dp/hard\libc_nano.a(lib_a-impure.o)
                                                  c:/users/hungv/appdata/roaming/xpacks/@gnu-mcu-eclipse/arm-none-eabi-gcc/8.2.1-1.7.1/.content/bin/../lib/gcc/arm-none-eabi/8.2.1/../../../../arm-none-eabi/lib/thumb/v7e-m+dp/hard\libc_nano.a(lib_a-exit.o)
_impure_ptr                                       c:/users/hungv/appdata/roaming/xpacks/@gnu-mcu-eclipse/arm-none-eabi-gcc/8.2.1-1.7.1/.content/bin/../lib/gcc/arm-none-eabi/8.2.1/../../../../arm-none-eabi/lib/thumb/v7e-m+dp/hard\libc_nano.a(lib_a-impure.o)
_init                                             c:/users/hungv/appdata/roaming/xpacks/@gnu-mcu-eclipse/arm-none-eabi-gcc/8.2.1-1.7.1/.content/bin/../lib/gcc/arm-none-eabi/8.2.1/thumb/v7e-m+dp/hard/crti.o
                                                  c:/users/hungv/appdata/roaming/xpacks/@gnu-mcu-eclipse/arm-none-eabi-gcc/8.2.1-1.7.1/.content/bin/../lib/gcc/arm-none-eabi/8.2.1/../../../../arm-none-eabi/lib/thumb/v7e-m+dp/hard\libc_nano.a(lib_a-init.o)
_mainCRTStartup                                   c:/users/hungv/appdata/roaming/xpacks/@gnu-mcu-eclipse/arm-none-eabi-gcc/8.2.1-1.7.1/.content/bin/../lib/gcc/arm-none-eabi/8.2.1/../../../../arm-none-eabi/lib/thumb/v7e-m+dp/hard/crt0.o
_sbss                                             build/startup_stm32f767xx.o
_sdata                                            build/startup_stm32f767xx.o
_sidata                                           build/startup_stm32f767xx.o
_start                                            c:/users/hungv/appdata/roaming/xpacks/@gnu-mcu-eclipse/arm-none-eabi-gcc/8.2.1-1.7.1/.content/bin/../lib/gcc/arm-none-eabi/8.2.1/../../../../arm-none-eabi/lib/thumb/v7e-m+dp/hard/crt0.o
atexit                                            c:/users/hungv/appdata/roaming/xpacks/@gnu-mcu-eclipse/arm-none-eabi-gcc/8.2.1-1.7.1/.content/bin/../lib/gcc/arm-none-eabi/8.2.1/../../../../arm-none-eabi/lib/thumb/v7e-m+dp/hard/crt0.o
exit                                              c:/users/hungv/appdata/roaming/xpacks/@gnu-mcu-eclipse/arm-none-eabi-gcc/8.2.1-1.7.1/.content/bin/../lib/gcc/arm-none-eabi/8.2.1/../../../../arm-none-eabi/lib/thumb/v7e-m+dp/hard\libc_nano.a(lib_a-exit.o)
                                                  c:/users/hungv/appdata/roaming/xpacks/@gnu-mcu-eclipse/arm-none-eabi-gcc/8.2.1-1.7.1/.content/bin/../lib/gcc/arm-none-eabi/8.2.1/../../../../arm-none-eabi/lib/thumb/v7e-m+dp/hard/crt0.o
g_pfnVectors                                      build/startup_stm32f767xx.o
hardware_init_hook                                c:/users/hungv/appdata/roaming/xpacks/@gnu-mcu-eclipse/arm-none-eabi-gcc/8.2.1-1.7.1/.content/bin/../lib/gcc/arm-none-eabi/8.2.1/../../../../arm-none-eabi/lib/thumb/v7e-m+dp/hard/crt0.o
hi2c1                                             build/main.o
hi2c4                                             build/main.o
hspi2                                             build/main.o
huart1                                            build/main.o
huart2                                            build/main.o
main                                              build/main.o
                                                  build/startup_stm32f767xx.o
                                                  c:/users/hungv/appdata/roaming/xpacks/@gnu-mcu-eclipse/arm-none-eabi-gcc/8.2.1-1.7.1/.content/bin/../lib/gcc/arm-none-eabi/8.2.1/../../../../arm-none-eabi/lib/thumb/v7e-m+dp/hard/crt0.o
memset                                            c:/users/hungv/appdata/roaming/xpacks/@gnu-mcu-eclipse/arm-none-eabi-gcc/8.2.1-1.7.1/.content/bin/../lib/gcc/arm-none-eabi/8.2.1/../../../../arm-none-eabi/lib/thumb/v7e-m+dp/hard\libc_nano.a(lib_a-memset.o)
                                                  build/main.o
                                                  c:/users/hungv/appdata/roaming/xpacks/@gnu-mcu-eclipse/arm-none-eabi-gcc/8.2.1-1.7.1/.content/bin/../lib/gcc/arm-none-eabi/8.2.1/../../../../arm-none-eabi/lib/thumb/v7e-m+dp/hard/crt0.o
pFlash                                            build/stm32f7xx_hal_flash.o
                                                  build/stm32f7xx_hal_flash_ex.o
software_init_hook                                c:/users/hungv/appdata/roaming/xpacks/@gnu-mcu-eclipse/arm-none-eabi-gcc/8.2.1-1.7.1/.content/bin/../lib/gcc/arm-none-eabi/8.2.1/../../../../arm-none-eabi/lib/thumb/v7e-m+dp/hard/crt0.o
uwTick                                            build/stm32f7xx_hal.o
uwTickFreq                                        build/stm32f7xx_hal.o
uwTickPrio                                        build/stm32f7xx_hal.o
                                                  build/stm32f7xx_hal_rcc.o